<?xml version="1.0" encoding="utf-8"?>
<TestRun id="470664c2-4974-4019-b6cd-fe7b45622222" name="Administrator@HCAIA-WAQHGBEKP 2026-10-02 20:12:04" runUser="HCAIA-WAQHGBEKP\Administrator" xmlns="http://microsoft.com/schemas/VisualStudio/TeamTest/2010">
  <Times creation="2026-10-02T20:12:04.1992928+08:00" queuing="2026-10-02T20:12:04.1992930+08:00" start="2026-10-02T20:12:03.8846807+08:00" finish="2026-10-02T20:12:04.2288340+08:00" />
  <TestSettings name="default" id="be5d5d62-0190-45fe-8728-3a31b12e4efe">
    <Deployment runDeploymentRoot="Administrator_HCAIA-WAQHGBEKP_2026-10-02_20_12_04" />
  </TestSettings>
  <Results>
    <UnitTestResult executionId="41f8a64d-45b9-4f41-9494-00719c5805d3" testId="1178583a-ab99-810e-b348-516c86907136" testName="ApprovedIdUsesClosedLowercaseGrammar (&quot;-broker.self_check&quot;)" computerName="HCAIA-WAQHGBEKP" duration="00:00:00.0000230" startTime="2026-10-02T20:12:04.1974627+08:00" endTime="2026-10-02T20:12:04.1974968+08:00" testType="13cdc9d9-ddb5-4fa4-a97d-d965ccfc6d4b" outcome="Passed" testListId="8c84fa94-04c1-424b-9868-57a2d4851a1d" relativeResultsDirectory="41f8a64d-45b9-4f41-9494-00719c5805d3" />
    <UnitTestResult executionId="fdc879f3-bd4c-4b2f-8607-f113150274d0" testId="1aa655f5-b8c2-8192-ab3b-7de007fea6f2" testName="ExecutionOrIdentityFieldIsRejected (&quot;command&quot;)" computerName="HCAIA-WAQHGBEKP" duration="00:00:00.0000098" startTime="2026-10-02T20:12:04.1957275+08:00" endTime="2026-10-02T20:12:04.1957452+08:00" testType="13cdc9d9-ddb5-4fa4-a97d-d965ccfc6d4b" outcome="Passed" testListId="8c84fa94-04c1-424b-9868-57a2d4851a1d" relativeResultsDirectory="fdc879f3-bd4c-4b2f-8607-f113150274d0" />
    <UnitTestResult executionId="f0249517-9506-4087-9942-f61e2d6d2c16" testId="16ddac32-7d68-87c1-8f8f-c42887df68b8" testName="ForcedDryRunNeverMutatesWhitelistedAction (&quot;set_process_priority&quot;)" computerName="HCAIA-WAQHGBEKP" duration="00:00:00.0008252" startTime="2026-10-02T20:12:04.1644192+08:00" endTime="2026-10-02T20:12:04.1661414+08:00" testType="13cdc9d9-ddb5-4fa4-a97d-d965ccfc6d4b" outcome="Passed" testListId="8c84fa94-04c1-424b-9868-57a2d4851a1d" relativeResultsDirectory="f0249517-9506-4087-9942-f61e2d6d2c16" />
    <UnitTestResult executionId="c56ad5b8-da52-4bc3-ad41-3055ab18ca6c" testId="15eb7b58-546a-8b99-82a1-e4c47d49f028" testName="ReusingKeyForDifferentActionConflicts" computerName="HCAIA-WAQHGBEKP" duration="00:00:00.0005183" startTime="2026-10-02T20:12:04.1675515+08:00" endTime="2026-10-02T20:12:04.1680832+08:00" testType="13cdc9d9-ddb5-4fa4-a97d-d965ccfc6d4b" outcome="Passed" testListId="8c84fa94-04c1-424b-9868-57a2d4851a1d" relativeResultsDirectory="c56ad5b8-da52-4bc3-ad41-3055ab18ca6c" />
    <UnitTestResult executionId="bcbe5c04-1159-4a07-aaaf-53c4e4286ab3" testId="1cfed955-754d-8304-8bc1-c4a1e194048a" testName="ExecutionOrIdentityFieldIsRejected (&quot;callerSid&quot;)" computerName="HCAIA-WAQHGBEKP" duration="00:00:00.0001990" startTime="2026-10-02T20:12:04.1953255+08:00" endTime="2026-10-02T20:12:04.1955537+08:00" testType="13cdc9d9-ddb5-4fa4-a97d-d965ccfc6d4b" outcome="Passed" testListId="8c84fa94-04c1-424b-9868-57a2d4851a1d" relativeResultsDirectory="bcbe5c04-1159-4a07-aaaf-53c4e4286ab3" />
    <UnitTestResult executionId="38ccf655-b3c5-41cb-812c-43eadd02d3a9" testId="176a2051-5e4d-859d-962c-938a22bc480b" testName="ExecutionOrIdentityFieldIsRejected (&quot;clientPath&quot;)" computerName="HCAIA-WAQHGBEKP" duration="00:00:00.0000130" startTime="2026-10-02T20:12:04.1956985+08:00" endTime="2026-10-02T20:12:04.1957231+08:00" testType="13cdc9d9-ddb5-4fa4-a97d-d965ccfc6d4b" outcome="Passed" testListId="8c84fa94-04c1-424b-9868-57a2d4851a1d" relativeResultsDirectory="38ccf655-b3c5-41cb-812c-43eadd02d3a9" />
    <UnitTestResult executionId="4b6142ca-9c4f-49a9-868e-3e0105856b30" testId="10229f27-1fea-8035-bb63-a9e548a35087" testName="FramingRoundTripsTypedRequest" computerName="HCAIA-WAQHGBEKP" duration="00:00:00.0136224" startTime="2026-10-02T20:12:04.1786076+08:00" endTime="2026-10-02T20:12:04.1922820+08:00" testType="13cdc9d9-ddb5-4fa4-a97d-d965ccfc6d4b" outcome="Passed" testListId="8c84fa94-04c1-424b-9868-57a2d4851a1d" relativeResultsDirectory="4b6142ca-9c4f-49a9-868e-3e0105856b30" />
    <UnitTestResult executionId="af1af123-89ee-48dd-b0f0-199eab143794" testId="19bed5b4-e105-89f3-bb7d-fa447958b1b8" testName="DefaultPoliciesDenyEveryAction" computerName="HCAIA-WAQHGBEKP" duration="00:00:00.0079701" startTime="2026-10-02T20:12:04.1351224+08:00" endTime="2026-10-02T20:12:04.1536537+08:00" testType="13cdc9d9-ddb5-4fa4-a97d-d965ccfc6d4b" outcome="Passed" testListId="8c84fa94-04c1-424b-9868-57a2d4851a1d" relativeResultsDirectory="af1af123-89ee-48dd-b0f0-199eab143794" />
    <UnitTestResult executionId="21895758-ac54-4c32-9cdb-3d9c7d016b0f" testId="113d5e5e-a66d-8655-b763-6de367d7b2d7" testName="ApprovedIdUsesClosedLowercaseGrammar (&quot;broker/self_check&quot;)" computerName="HCAIA-WAQHGBEKP" duration="00:00:00.0000191" startTime="2026-10-02T20:12:04.1975012+08:00" endTime="2026-10-02T20:12:04.1975250+08:00" testType="13cdc9d9-ddb5-4fa4-a97d-d965ccfc6d4b" outcome="Passed" testListId="8c84fa94-04c1-424b-9868-57a2d4851a1d" relativeResultsDirectory="21895758-ac54-4c32-9cdb-3d9c7d016b0f" />
    <UnitTestResult executionId="82559f28-dace-4fc3-a2ef-e4fd76af2b1b" testId="152f68c1-98a8-8d28-959c-d1a092245448" testName="UnknownActionFieldIsRejected" computerName="HCAIA-WAQHGBEKP" duration="00:00:00.0007010" startTime="2026-10-02T20:12:04.1958033+08:00" endTime="2026-10-02T20:12:04.1965122+08:00" testType="13cdc9d9-ddb5-4fa4-a97d-d965ccfc6d4b" outcome="Passed" testListId="8c84fa94-04c1-424b-9868-57a2d4851a1d" relativeResultsDirectory="82559f28-dace-4fc3-a2ef-e4fd76af2b1b" />
    <UnitTestResult executionId="b2eb81c1-df37-41c9-9436-4b113941005c" testId="14d80408-2a13-86f5-91f8-24c1d8ec719a" testName="RecoveredPendingIsNeverReplayed" computerName="HCAIA-WAQHGBEKP" duration="00:00:00.0010229" startTime="2026-10-02T20:12:04.1736753+08:00" endTime="2026-10-02T20:12:04.1747241+08:00" testType="13cdc9d9-ddb5-4fa4-a97d-d965ccfc6d4b" outcome="Passed" testListId="8c84fa94-04c1-424b-9868-57a2d4851a1d" relativeResultsDirectory="b2eb81c1-df37-41c9-9436-4b113941005c" />
    <UnitTestResult executionId="c9fd4edd-615b-4ed2-835c-05fd15a5a0d4" testId="134173c1-ba43-8fc0-951a-f1fe3846a1db" testName="ClientTrustMismatchNeverCallsExecutor" computerName="HCAIA-WAQHGBEKP" duration="00:00:00.0005503" startTime="2026-10-02T20:12:04.1758148+08:00" endTime="2026-10-02T20:12:04.1763779+08:00" testType="13cdc9d9-ddb5-4fa4-a97d-d965ccfc6d4b" outcome="Passed" testListId="8c84fa94-04c1-424b-9868-57a2d4851a1d" relativeResultsDirectory="c9fd4edd-615b-4ed2-835c-05fd15a5a0d4" />
    <UnitTestResult executionId="fa56fa1a-cb3d-4608-83fe-311b065a7477" testId="11affb60-6755-8f97-bb80-37d6b1d13093" testName="ForcedDryRunCannotBeOverriddenByRequest" computerName="HCAIA-WAQHGBEKP" duration="00:00:00.0004525" startTime="2026-10-02T20:12:04.1639248+08:00" endTime="2026-10-02T20:12:04.1644055+08:00" testType="13cdc9d9-ddb5-4fa4-a97d-d965ccfc6d4b" outcome="Passed" testListId="8c84fa94-04c1-424b-9868-57a2d4851a1d" relativeResultsDirectory="fa56fa1a-cb3d-4608-83fe-311b065a7477" />
    <UnitTestResult executionId="b23c0ea5-aa76-4319-b027-474a34865b56" testId="1c9e2a17-87d6-858e-8515-2b8336e85821" testName="CallerOrImageDenialNeverCallsExecutor" computerName="HCAIA-WAQHGBEKP" duration="00:00:00.0004644" startTime="2026-10-02T20:12:04.1753234+08:00" endTime="2026-10-02T20:12:04.1758038+08:00" testType="13cdc9d9-ddb5-4fa4-a97d-d965ccfc6d4b" outcome="Passed" testListId="8c84fa94-04c1-424b-9868-57a2d4851a1d" relativeResultsDirectory="b23c0ea5-aa76-4319-b027-474a34865b56" />
    <UnitTestResult executionId="e0634a79-6868-428e-818a-4ad94087d8c5" testId="1e8ffd9c-05ed-89ee-aa24-930d069013ac" testName="ExecutionOrIdentityFieldIsRejected (&quot;script&quot;)" computerName="HCAIA-WAQHGBEKP" duration="00:00:00.0000107" startTime="2026-10-02T20:12:04.1957686+08:00" endTime="2026-10-02T20:12:04.1957829+08:00" testType="13cdc9d9-ddb5-4fa4-a97d-d965ccfc6d4b" outcome="Passed" testListId="8c84fa94-04c1-424b-9868-57a2d4851a1d" relativeResultsDirectory="e0634a79-6868-428e-818a-4ad94087d8c5" />
    <UnitTestResult executionId="1c38408d-a056-446f-8790-0fbf1cb13563" testId="1870beeb-8e67-858b-b6eb-9ce6fedb4b9b" testName="ForcedDryRunNeverMutatesWhitelistedAction (&quot;terminate_process&quot;)" computerName="HCAIA-WAQHGBEKP" duration="00:00:00.0001573" startTime="2026-10-02T20:12:04.1661566+08:00" endTime="2026-10-02T20:12:04.1663349+08:00" testType="13cdc9d9-ddb5-4fa4-a97d-d965ccfc6d4b" outcome="Passed" testListId="8c84fa94-04c1-424b-9868-57a2d4851a1d" relativeResultsDirectory="1c38408d-a056-446f-8790-0fbf1cb13563" />
    <UnitTestResult executionId="2f79a984-606f-4dc5-89e3-85a455c997b9" testId="1283f1b7-db71-8fdb-b53e-0e2f2101fb72" testName="SameCallerAndKeyExecutesAtMostOnce" computerName="HCAIA-WAQHGBEKP" duration="00:00:00.0008157" startTime="2026-10-02T20:12:04.1667100+08:00" endTime="2026-10-02T20:12:04.1675352+08:00" testType="13cdc9d9-ddb5-4fa4-a97d-d965ccfc6d4b" outcome="Passed" testListId="8c84fa94-04c1-424b-9868-57a2d4851a1d" relativeResultsDirectory="2f79a984-606f-4dc5-89e3-85a455c997b9" />
    <UnitTestResult executionId="ff7ff3ff-24ac-4f64-a84e-0802bc7095ed" testId="155e9a8c-832d-8e0f-acad-e55a580d58a1" testName="ForcedDryRunNeverMutatesWhitelistedAction (&quot;start_approved_diagnostic&quot;)" computerName="HCAIA-WAQHGBEKP" duration="00:00:00.0002567" startTime="2026-10-02T20:12:04.1663443+08:00" endTime="2026-10-02T20:12:04.1666157+08:00" testType="13cdc9d9-ddb5-4fa4-a97d-d965ccfc6d4b" outcome="Passed" testListId="8c84fa94-04c1-424b-9868-57a2d4851a1d" relativeResultsDirectory="ff7ff3ff-24ac-4f64-a84e-0802bc7095ed" />
    <UnitTestResult executionId="7efc21dc-c7ea-4d2f-98e0-2bfe822dbfaa" testId="1e562af0-7379-8070-9d2b-12133787494b" testName="ExecutionOrIdentityFieldIsRejected (&quot;clientPid&quot;)" computerName="HCAIA-WAQHGBEKP" duration="00:00:00.0001023" startTime="2026-10-02T20:12:04.1955642+08:00" endTime="2026-10-02T20:12:04.1956851+08:00" testType="13cdc9d9-ddb5-4fa4-a97d-d965ccfc6d4b" outcome="Passed" testListId="8c84fa94-04c1-424b-9868-57a2d4851a1d" relativeResultsDirectory="7efc21dc-c7ea-4d2f-98e0-2bfe822dbfaa" />
    <UnitTestResult executionId="a2c02f22-d5f4-43df-b984-d47a9309b9ac" testId="1cb6e293-ab85-86dd-9b15-24ddf1d49fa1" testName="DryRunCapturesStateWithoutMutation" computerName="HCAIA-WAQHGBEKP" duration="00:00:00.0074932" startTime="2026-10-02T20:12:04.1560368+08:00" endTime="2026-10-02T20:12:04.1637519+08:00" testType="13cdc9d9-ddb5-4fa4-a97d-d965ccfc6d4b" outcome="Passed" testListId="8c84fa94-04c1-424b-9868-57a2d4851a1d" relativeResultsDirectory="a2c02f22-d5f4-43df-b984-d47a9309b9ac" />
    <UnitTestResult executionId="53bf8309-6f08-40bd-8ce6-125ae5063145" testId="1841e75e-486b-8bec-bd52-38fc698d5f8a" testName="ExecutionOrIdentityFieldIsRejected (&quot;arguments&quot;)" computerName="HCAIA-WAQHGBEKP" duration="00:00:00.0000125" startTime="2026-10-02T20:12:04.1957489+08:00" endTime="2026-10-02T20:12:04.1957652+08:00" testType="13cdc9d9-ddb5-4fa4-a97d-d965ccfc6d4b" outcome="Passed" testListId="8c84fa94-04c1-424b-9868-57a2d4851a1d" relativeResultsDirectory="53bf8309-6f08-40bd-8ce6-125ae5063145" />
    <UnitTestResult executionId="5f2c9b7b-034f-4803-b889-039b4c7cebfc" testId="1f01aecc-e116-87e6-be22-22e5b36a074c" testName="ForcedDryRunNeverMutatesWhitelistedAction (&quot;apply_approved_power_profile&quot;)" computerName="HCAIA-WAQHGBEKP" duration="00:00:00.0000631" startTime="2026-10-02T20:12:04.1666254+08:00" endTime="2026-10-02T20:12:04.1667018+08:00" testType="13cdc9d9-ddb5-4fa4-a97d-d965ccfc6d4b" outcome="Passed" testListId="8c84fa94-04c1-424b-9868-57a2d4851a1d" relativeResultsDirectory="5f2c9b7b-034f-4803-b889-039b4c7cebfc" />
    <UnitTestResult executionId="7b0d96cd-8e3d-4509-a011-666dac6216c8" testId="1f634488-8b67-881d-bd87-70f18a3ca989" testName="CallerCannotRequestRealTimePriority" computerName="HCAIA-WAQHGBEKP" duration="00:00:00.0002732" startTime="2026-10-02T20:12:04.1967599+08:00" endTime="2026-10-02T20:12:04.1970479+08:00" testType="13cdc9d9-ddb5-4fa4-a97d-d965ccfc6d4b" outcome="Passed" testListId="8c84fa94-04c1-424b-9868-57a2d4851a1d" relativeResultsDirectory="7b0d96cd-8e3d-4509-a011-666dac6216c8" />
    <UnitTestResult executionId="9d92ca65-8769-42c2-8c23-e4a87a35debe" testId="1559ae20-545c-839f-9eed-4c2b01cae854" testName="OversizedLengthIsRejectedBeforePayloadRead" computerName="HCAIA-WAQHGBEKP" duration="00:00:00.0021080" startTime="2026-10-02T20:12:04.1923029+08:00" endTime="2026-10-02T20:12:04.1944353+08:00" testType="13cdc9d9-ddb5-4fa4-a97d-d965ccfc6d4b" outcome="Passed" testListId="8c84fa94-04c1-424b-9868-57a2d4851a1d" relativeResultsDirectory="9d92ca65-8769-42c2-8c23-e4a87a35debe" />
    <UnitTestResult executionId="3456e50c-41f0-47a5-9d38-0fb3372d5c16" testId="11b34feb-5dfe-805a-8259-e2198a4ac3dc" testName="RequestHashExcludesDeadlineButIncludesDryRun" computerName="HCAIA-WAQHGBEKP" duration="00:00:00.0002754" startTime="2026-10-02T20:12:04.1776341+08:00" endTime="2026-10-02T20:12:04.1785954+08:00" testType="13cdc9d9-ddb5-4fa4-a97d-d965ccfc6d4b" outcome="Passed" testListId="8c84fa94-04c1-424b-9868-57a2d4851a1d" relativeResultsDirectory="3456e50c-41f0-47a5-9d38-0fb3372d5c16" />
    <UnitTestResult executionId="d0715e6d-8efc-499e-883d-f8024a907a90" testId="1bd2cc86-3e46-87d2-9328-22ee28510804" testName="ApprovedIdUsesClosedLowercaseGrammar (&quot;broker:self_check&quot;)" computerName="HCAIA-WAQHGBEKP" duration="00:00:00.0001084" startTime="2026-10-02T20:12:04.1973304+08:00" endTime="2026-10-02T20:12:04.1974544+08:00" testType="13cdc9d9-ddb5-4fa4-a97d-d965ccfc6d4b" outcome="Passed" testListId="8c84fa94-04c1-424b-9868-57a2d4851a1d" relativeResultsDirectory="d0715e6d-8efc-499e-883d-f8024a907a90" />
    <UnitTestResult executionId="f076c615-ed7e-407e-b01a-8193fd858926" testId="11e7b62c-1a7f-8f26-a777-b555bc50dfb8" testName="ExecutionOrIdentityFieldIsRejected (&quot;registryPath&quot;)" computerName="HCAIA-WAQHGBEKP" duration="00:00:00.0000088" startTime="2026-10-02T20:12:04.1957859+08:00" endTime="2026-10-02T20:12:04.1957981+08:00" testType="13cdc9d9-ddb5-4fa4-a97d-d965ccfc6d4b" outcome="Passed" testListId="8c84fa94-04c1-424b-9868-57a2d4851a1d" relativeResultsDirectory="f076c615-ed7e-407e-b01a-8193fd858926" />
    <UnitTestResult executionId="17428c4b-74cd-4fa4-ae80-468fecd2c08a" testId="16649496-2e77-8092-a72b-05a241cc7c74" testName="ApprovedIdUsesClosedLowercaseGrammar (&quot;Broker.self_check&quot;)" computerName="HCAIA-WAQHGBEKP" duration="00:00:00.0002329" startTime="2026-10-02T20:12:04.1970592+08:00" endTime="2026-10-02T20:12:04.1973157+08:00" testType="13cdc9d9-ddb5-4fa4-a97d-d965ccfc6d4b" outcome="Passed" testListId="8c84fa94-04c1-424b-9868-57a2d4851a1d" relativeResultsDirectory="17428c4b-74cd-4fa4-ae80-468fecd2c08a" />
    <UnitTestResult executionId="a18a2022-03f6-4fe2-aa93-c2c2bdc50b65" testId="127dc3ac-c303-8aba-aae7-e3390cc5d336" testName="FourWhitelistedShapesParse" computerName="HCAIA-WAQHGBEKP" duration="00:00:00.0002412" startTime="2026-10-02T20:12:04.1975287+08:00" endTime="2026-10-02T20:12:04.1988283+08:00" testType="13cdc9d9-ddb5-4fa4-a97d-d965ccfc6d4b" outcome="Passed" testListId="8c84fa94-04c1-424b-9868-57a2d4851a1d" relativeResultsDirectory="a18a2022-03f6-4fe2-aa93-c2c2bdc50b65" />
    <UnitTestResult executionId="ee2717a4-cdfe-409d-a5aa-f4b264ec20eb" testId="1409c63c-8858-8788-8dba-95f87a4e030f" testName="TrustedClientPolicyRequiresExactSignerPins" computerName="HCAIA-WAQHGBEKP" duration="00:00:00.0006697" startTime="2026-10-02T20:12:04.1763912+08:00" endTime="2026-10-02T20:12:04.1770749+08:00" testType="13cdc9d9-ddb5-4fa4-a97d-d965ccfc6d4b" outcome="Passed" testListId="8c84fa94-04c1-424b-9868-57a2d4851a1d" relativeResultsDirectory="ee2717a4-cdfe-409d-a5aa-f4b264ec20eb" />
    <UnitTestResult executionId="bf1c54f8-801a-42c8-b8a6-0768fe61c32e" testId="137a7c03-f15e-88ba-b2c2-89758e3ea8b1" testName="PossibleMutationFailureIsIndeterminate" computerName="HCAIA-WAQHGBEKP" duration="00:00:00.0005538" startTime="2026-10-02T20:12:04.1747429+08:00" endTime="2026-10-02T20:12:04.1753121+08:00" testType="13cdc9d9-ddb5-4fa4-a97d-d965ccfc6d4b" outcome="Passed" testListId="8c84fa94-04c1-424b-9868-57a2d4851a1d" relativeResultsDirectory="bf1c54f8-801a-42c8-b8a6-0768fe61c32e" />
    <UnitTestResult executionId="3c39aa32-4841-489c-a3ee-f5a128d806d6" testId="1f470e29-7d75-86b2-bd69-0fbd05de0242" testName="TruncatedPayloadIsRejected" computerName="HCAIA-WAQHGBEKP" duration="00:00:00.0005795" startTime="2026-10-02T20:12:04.1947109+08:00" endTime="2026-10-02T20:12:04.1953120+08:00" testType="13cdc9d9-ddb5-4fa4-a97d-d965ccfc6d4b" outcome="Passed" testListId="8c84fa94-04c1-424b-9868-57a2d4851a1d" relativeResultsDirectory="3c39aa32-4841-489c-a3ee-f5a128d806d6" />
    <UnitTestResult executionId="d1031fd8-4d03-4c6c-9761-1abcb8b67fae" testId="1030394b-1eb2-8bf2-8072-e6b7e0a61395" testName="UnsupportedPriorityIsRejectedBeforeAudit" computerName="HCAIA-WAQHGBEKP" duration="00:00:00.0005174" startTime="2026-10-02T20:12:04.1770877+08:00" endTime="2026-10-02T20:12:04.1776187+08:00" testType="13cdc9d9-ddb5-4fa4-a97d-d965ccfc6d4b" outcome="Passed" testListId="8c84fa94-04c1-424b-9868-57a2d4851a1d" relativeResultsDirectory="d1031fd8-4d03-4c6c-9761-1abcb8b67fae" />
  </Results>
  <TestDefinitions>
    <UnitTest name="UnsupportedPriorityIsRejectedBeforeAudit" storage="d:\github\windows-performance-monitor\tests\perfmonitor.actionstests\bin\release\net10.0\perfmonitor.actionstests.dll" id="1030394b-1eb2-8bf2-8072-e6b7e0a61395">
      <Execution id="d1031fd8-4d03-4c6c-9761-1abcb8b67fae" />
      <TestMethod codeBase="D:\GitHub\windows-performance-monitor\tests\PerfMonitor.ActionsTests\bin\Release\net10.0\PerfMonitor.ActionsTests.dll" adapterTypeName="executor://mstestadapter/v4" className="PerfMonitor.ActionsTests.ActionCoordinatorTests" name="UnsupportedPriorityIsRejectedBeforeAudit" />
    </UnitTest>
    <UnitTest name="ExecutionOrIdentityFieldIsRejected (&quot;arguments&quot;)" storage="d:\github\windows-performance-monitor\tests\perfmonitor.actionstests\bin\release\net10.0\perfmonitor.actionstests.dll" id="1841e75e-486b-8bec-bd52-38fc698d5f8a">
      <Execution id="53bf8309-6f08-40bd-8ce6-125ae5063145" />
      <TestMethod codeBase="D:\GitHub\windows-performance-monitor\tests\PerfMonitor.ActionsTests\bin\Release\net10.0\PerfMonitor.ActionsTests.dll" adapterTypeName="executor://mstestadapter/v4" className="PerfMonitor.ActionsTests.BrokerProtocolTests" name="ExecutionOrIdentityFieldIsRejected" />
    </UnitTest>
    <UnitTest name="CallerCannotRequestRealTimePriority" storage="d:\github\windows-performance-monitor\tests\perfmonitor.actionstests\bin\release\net10.0\perfmonitor.actionstests.dll" id="1f634488-8b67-881d-bd87-70f18a3ca989">
      <Execution id="7b0d96cd-8e3d-4509-a011-666dac6216c8" />
      <TestMethod codeBase="D:\GitHub\windows-performance-monitor\tests\PerfMonitor.ActionsTests\bin\Release\net10.0\PerfMonitor.ActionsTests.dll" adapterTypeName="executor://mstestadapter/v4" className="PerfMonitor.ActionsTests.BrokerProtocolTests" name="CallerCannotRequestRealTimePriority" />
    </UnitTest>
    <UnitTest name="ForcedDryRunNeverMutatesWhitelistedAction (&quot;start_approved_diagnostic&quot;)" storage="d:\github\windows-performance-monitor\tests\perfmonitor.actionstests\bin\release\net10.0\perfmonitor.actionstests.dll" id="155e9a8c-832d-8e0f-acad-e55a580d58a1">
      <Execution id="ff7ff3ff-24ac-4f64-a84e-0802bc7095ed" />
      <TestMethod codeBase="D:\GitHub\windows-performance-monitor\tests\PerfMonitor.ActionsTests\bin\Release\net10.0\PerfMonitor.ActionsTests.dll" adapterTypeName="executor://mstestadapter/v4" className="PerfMonitor.ActionsTests.ActionCoordinatorTests" name="ForcedDryRunNeverMutatesWhitelistedAction" />
    </UnitTest>
    <UnitTest name="TrustedClientPolicyRequiresExactSignerPins" storage="d:\github\windows-performance-monitor\tests\perfmonitor.actionstests\bin\release\net10.0\perfmonitor.actionstests.dll" id="1409c63c-8858-8788-8dba-95f87a4e030f">
      <Execution id="ee2717a4-cdfe-409d-a5aa-f4b264ec20eb" />
      <TestMethod codeBase="D:\GitHub\windows-performance-monitor\tests\PerfMonitor.ActionsTests\bin\Release\net10.0\PerfMonitor.ActionsTests.dll" adapterTypeName="executor://mstestadapter/v4" className="PerfMonitor.ActionsTests.ActionCoordinatorTests" name="TrustedClientPolicyRequiresExactSignerPins" />
    </UnitTest>
    <UnitTest name="OversizedLengthIsRejectedBeforePayloadRead" storage="d:\github\windows-performance-monitor\tests\perfmonitor.actionstests\bin\release\net10.0\perfmonitor.actionstests.dll" id="1559ae20-545c-839f-9eed-4c2b01cae854">
      <Execution id="9d92ca65-8769-42c2-8c23-e4a87a35debe" />
      <TestMethod codeBase="D:\GitHub\windows-performance-monitor\tests\PerfMonitor.ActionsTests\bin\Release\net10.0\PerfMonitor.ActionsTests.dll" adapterTypeName="executor://mstestadapter/v4" className="PerfMonitor.ActionsTests.BrokerProtocolTests" name="OversizedLengthIsRejectedBeforePayloadRead" />
    </UnitTest>
    <UnitTest name="FourWhitelistedShapesParse" storage="d:\github\windows-performance-monitor\tests\perfmonitor.actionstests\bin\release\net10.0\perfmonitor.actionstests.dll" id="127dc3ac-c303-8aba-aae7-e3390cc5d336">
      <Execution id="a18a2022-03f6-4fe2-aa93-c2c2bdc50b65" />
      <TestMethod codeBase="D:\GitHub\windows-performance-monitor\tests\PerfMonitor.ActionsTests\bin\Release\net10.0\PerfMonitor.ActionsTests.dll" adapterTypeName="executor://mstestadapter/v4" className="PerfMonitor.ActionsTests.BrokerProtocolTests" name="FourWhitelistedShapesParse" />
    </UnitTest>
    <UnitTest name="RequestHashExcludesDeadlineButIncludesDryRun" storage="d:\github\windows-performance-monitor\tests\perfmonitor.actionstests\bin\release\net10.0\perfmonitor.actionstests.dll" id="11b34feb-5dfe-805a-8259-e2198a4ac3dc">
      <Execution id="3456e50c-41f0-47a5-9d38-0fb3372d5c16" />
      <TestMethod codeBase="D:\GitHub\windows-performance-monitor\tests\PerfMonitor.ActionsTests\bin\Release\net10.0\PerfMonitor.ActionsTests.dll" adapterTypeName="executor://mstestadapter/v4" className="PerfMonitor.ActionsTests.ActionCoordinatorTests" name="RequestHashExcludesDeadlineButIncludesDryRun" />
    </UnitTest>
    <UnitTest name="DefaultPoliciesDenyEveryAction" storage="d:\github\windows-performance-monitor\tests\perfmonitor.actionstests\bin\release\net10.0\perfmonitor.actionstests.dll" id="19bed5b4-e105-89f3-bb7d-fa447958b1b8">
      <Execution id="af1af123-89ee-48dd-b0f0-199eab143794" />
      <TestMethod codeBase="D:\GitHub\windows-performance-monitor\tests\PerfMonitor.ActionsTests\bin\Release\net10.0\PerfMonitor.ActionsTests.dll" adapterTypeName="executor://mstestadapter/v4" className="PerfMonitor.ActionsTests.ActionCoordinatorTests" name="DefaultPoliciesDenyEveryAction" />
    </UnitTest>
    <UnitTest name="ApprovedIdUsesClosedLowercaseGrammar (&quot;broker:self_check&quot;)" storage="d:\github\windows-performance-monitor\tests\perfmonitor.actionstests\bin\release\net10.0\perfmonitor.actionstests.dll" id="1bd2cc86-3e46-87d2-9328-22ee28510804">
      <Execution id="d0715e6d-8efc-499e-883d-f8024a907a90" />
      <TestMethod codeBase="D:\GitHub\windows-performance-monitor\tests\PerfMonitor.ActionsTests\bin\Release\net10.0\PerfMonitor.ActionsTests.dll" adapterTypeName="executor://mstestadapter/v4" className="PerfMonitor.ActionsTests.BrokerProtocolTests" name="ApprovedIdUsesClosedLowercaseGrammar" />
    </UnitTest>
    <UnitTest name="ForcedDryRunNeverMutatesWhitelistedAction (&quot;apply_approved_power_profile&quot;)" storage="d:\github\windows-performance-monitor\tests\perfmonitor.actionstests\bin\release\net10.0\perfmonitor.actionstests.dll" id="1f01aecc-e116-87e6-be22-22e5b36a074c">
      <Execution id="5f2c9b7b-034f-4803-b889-039b4c7cebfc" />
      <TestMethod codeBase="D:\GitHub\windows-performance-monitor\tests\PerfMonitor.ActionsTests\bin\Release\net10.0\PerfMonitor.ActionsTests.dll" adapterTypeName="executor://mstestadapter/v4" className="PerfMonitor.ActionsTests.ActionCoordinatorTests" name="ForcedDryRunNeverMutatesWhitelistedAction" />
    </UnitTest>
    <UnitTest name="DryRunCapturesStateWithoutMutation" storage="d:\github\windows-performance-monitor\tests\perfmonitor.actionstests\bin\release\net10.0\perfmonitor.actionstests.dll" id="1cb6e293-ab85-86dd-9b15-24ddf1d49fa1">
      <Execution id="a2c02f22-d5f4-43df-b984-d47a9309b9ac" />
      <TestMethod codeBase="D:\GitHub\windows-performance-monitor\tests\PerfMonitor.ActionsTests\bin\Release\net10.0\PerfMonitor.ActionsTests.dll" adapterTypeName="executor://mstestadapter/v4" className="PerfMonitor.ActionsTests.ActionCoordinatorTests" name="DryRunCapturesStateWithoutMutation" />
    </UnitTest>
    <UnitTest name="CallerOrImageDenialNeverCallsExecutor" storage="d:\github\windows-performance-monitor\tests\perfmonitor.actionstests\bin\release\net10.0\perfmonitor.actionstests.dll" id="1c9e2a17-87d6-858e-8515-2b8336e85821">
      <Execution id="b23c0ea5-aa76-4319-b027-474a34865b56" />
      <TestMethod codeBase="D:\GitHub\windows-performance-monitor\tests\PerfMonitor.ActionsTests\bin\Release\net10.0\PerfMonitor.ActionsTests.dll" adapterTypeName="executor://mstestadapter/v4" className="PerfMonitor.ActionsTests.ActionCoordinatorTests" name="CallerOrImageDenialNeverCallsExecutor" />
    </UnitTest>
    <UnitTest name="RecoveredPendingIsNeverReplayed" storage="d:\github\windows-performance-monitor\tests\perfmonitor.actionstests\bin\release\net10.0\perfmonitor.actionstests.dll" id="14d80408-2a13-86f5-91f8-24c1d8ec719a">
      <Execution id="b2eb81c1-df37-41c9-9436-4b113941005c" />
      <TestMethod codeBase="D:\GitHub\windows-performance-monitor\tests\PerfMonitor.ActionsTests\bin\Release\net10.0\PerfMonitor.ActionsTests.dll" adapterTypeName="executor://mstestadapter/v4" className="PerfMonitor.ActionsTests.ActionCoordinatorTests" name="RecoveredPendingIsNeverReplayed" />
    </UnitTest>
    <UnitTest name="TruncatedPayloadIsRejected" storage="d:\github\windows-performance-monitor\tests\perfmonitor.actionstests\bin\release\net10.0\perfmonitor.actionstests.dll" id="1f470e29-7d75-86b2-bd69-0fbd05de0242">
      <Execution id="3c39aa32-4841-489c-a3ee-f5a128d806d6" />
      <TestMethod codeBase="D:\GitHub\windows-performance-monitor\tests\PerfMonitor.ActionsTests\bin\Release\net10.0\PerfMonitor.ActionsTests.dll" adapterTypeName="executor://mstestadapter/v4" className="PerfMonitor.ActionsTests.BrokerProtocolTests" name="TruncatedPayloadIsRejected" />
    </UnitTest>
    <UnitTest name="ApprovedIdUsesClosedLowercaseGrammar (&quot;broker/self_check&quot;)" storage="d:\github\windows-performance-monitor\tests\perfmonitor.actionstests\bin\release\net10.0\perfmonitor.actionstests.dll" id="113d5e5e-a66d-8655-b763-6de367d7b2d7">
      <Execution id="21895758-ac54-4c32-9cdb-3d9c7d016b0f" />
      <TestMethod codeBase="D:\GitHub\windows-performance-monitor\tests\PerfMonitor.ActionsTests\bin\Release\net10.0\PerfMonitor.ActionsTests.dll" adapterTypeName="executor://mstestadapter/v4" className="PerfMonitor.ActionsTests.BrokerProtocolTests" name="ApprovedIdUsesClosedLowercaseGrammar" />
    </UnitTest>
    <UnitTest name="ExecutionOrIdentityFieldIsRejected (&quot;script&quot;)" storage="d:\github\windows-performance-monitor\tests\perfmonitor.actionstests\bin\release\net10.0\perfmonitor.actionstests.dll" id="1e8ffd9c-05ed-89ee-aa24-930d069013ac">
      <Execution id="e0634a79-6868-428e-818a-4ad94087d8c5" />
      <TestMethod codeBase="D:\GitHub\windows-performance-monitor\tests\PerfMonitor.ActionsTests\bin\Release\net10.0\PerfMonitor.ActionsTests.dll" adapterTypeName="executor://mstestadapter/v4" className="PerfMonitor.ActionsTests.BrokerProtocolTests" name="ExecutionOrIdentityFieldIsRejected" />
    </UnitTest>
    <UnitTest name="ClientTrustMismatchNeverCallsExecutor" storage="d:\github\windows-performance-monitor\tests\perfmonitor.actionstests\bin\release\net10.0\perfmonitor.actionstests.dll" id="134173c1-ba43-8fc0-951a-f1fe3846a1db">
      <Execution id="c9fd4edd-615b-4ed2-835c-05fd15a5a0d4" />
      <TestMethod codeBase="D:\GitHub\windows-performance-monitor\tests\PerfMonitor.ActionsTests\bin\Release\net10.0\PerfMonitor.ActionsTests.dll" adapterTypeName="executor://mstestadapter/v4" className="PerfMonitor.ActionsTests.ActionCoordinatorTests" name="ClientTrustMismatchNeverCallsExecutor" />
    </UnitTest>
    <UnitTest name="ForcedDryRunNeverMutatesWhitelistedAction (&quot;set_process_priority&quot;)" storage="d:\github\windows-performance-monitor\tests\perfmonitor.actionstests\bin\release\net10.0\perfmonitor.actionstests.dll" id="16ddac32-7d68-87c1-8f8f-c42887df68b8">
      <Execution id="f0249517-9506-4087-9942-f61e2d6d2c16" />
      <TestMethod codeBase="D:\GitHub\windows-performance-monitor\tests\PerfMonitor.ActionsTests\bin\Release\net10.0\PerfMonitor.ActionsTests.dll" adapterTypeName="executor://mstestadapter/v4" className="PerfMonitor.ActionsTests.ActionCoordinatorTests" name="ForcedDryRunNeverMutatesWhitelistedAction" />
    </UnitTest>
    <UnitTest name="ForcedDryRunCannotBeOverriddenByRequest" storage="d:\github\windows-performance-monitor\tests\perfmonitor.actionstests\bin\release\net10.0\perfmonitor.actionstests.dll" id="11affb60-6755-8f97-bb80-37d6b1d13093">
      <Execution id="fa56fa1a-cb3d-4608-83fe-311b065a7477" />
      <TestMethod codeBase="D:\GitHub\windows-performance-monitor\tests\PerfMonitor.ActionsTests\bin\Release\net10.0\PerfMonitor.ActionsTests.dll" adapterTypeName="executor://mstestadapter/v4" className="PerfMonitor.ActionsTests.ActionCoordinatorTests" name="ForcedDryRunCannotBeOverriddenByRequest" />
    </UnitTest>
    <UnitTest name="PossibleMutationFailureIsIndeterminate" storage="d:\github\windows-performance-monitor\tests\perfmonitor.actionstests\bin\release\net10.0\perfmonitor.actionstests.dll" id="137a7c03-f15e-88ba-b2c2-89758e3ea8b1">
      <Execution id="bf1c54f8-801a-42c8-b8a6-0768fe61c32e" />
      <TestMethod codeBase="D:\GitHub\windows-performance-monitor\tests\PerfMonitor.ActionsTests\bin\Release\net10.0\PerfMonitor.ActionsTests.dll" adapterTypeName="executor://mstestadapter/v4" className="PerfMonitor.ActionsTests.ActionCoordinatorTests" name="PossibleMutationFailureIsIndeterminate" />
    </UnitTest>
    <UnitTest name="ExecutionOrIdentityFieldIsRejected (&quot;clientPath&quot;)" storage="d:\github\windows-performance-monitor\tests\perfmonitor.actionstests\bin\release\net10.0\perfmonitor.actionstests.dll" id="176a2051-5e4d-859d-962c-938a22bc480b">
      <Execution id="38ccf655-b3c5-41cb-812c-43eadd02d3a9" />
      <TestMethod codeBase="D:\GitHub\windows-performance-monitor\tests\PerfMonitor.ActionsTests\bin\Release\net10.0\PerfMonitor.ActionsTests.dll" adapterTypeName="executor://mstestadapter/v4" className="PerfMonitor.ActionsTests.BrokerProtocolTests" name="ExecutionOrIdentityFieldIsRejected" />
    </UnitTest>
    <UnitTest name="ReusingKeyForDifferentActionConflicts" storage="d:\github\windows-performance-monitor\tests\perfmonitor.actionstests\bin\release\net10.0\perfmonitor.actionstests.dll" id="15eb7b58-546a-8b99-82a1-e4c47d49f028">
      <Execution id="c56ad5b8-da52-4bc3-ad41-3055ab18ca6c" />
      <TestMethod codeBase="D:\GitHub\windows-performance-monitor\tests\PerfMonitor.ActionsTests\bin\Release\net10.0\PerfMonitor.ActionsTests.dll" adapterTypeName="executor://mstestadapter/v4" className="PerfMonitor.ActionsTests.ActionCoordinatorTests" name="ReusingKeyForDifferentActionConflicts" />
    </UnitTest>
    <UnitTest name="ApprovedIdUsesClosedLowercaseGrammar (&quot;Broker.self_check&quot;)" storage="d:\github\windows-performance-monitor\tests\perfmonitor.actionstests\bin\release\net10.0\perfmonitor.actionstests.dll" id="16649496-2e77-8092-a72b-05a241cc7c74">
      <Execution id="17428c4b-74cd-4fa4-ae80-468fecd2c08a" />
      <TestMethod codeBase="D:\GitHub\windows-performance-monitor\tests\PerfMonitor.ActionsTests\bin\Release\net10.0\PerfMonitor.ActionsTests.dll" adapterTypeName="executor://mstestadapter/v4" className="PerfMonitor.ActionsTests.BrokerProtocolTests" name="ApprovedIdUsesClosedLowercaseGrammar" />
    </UnitTest>
    <UnitTest name="ExecutionOrIdentityFieldIsRejected (&quot;clientPid&quot;)" storage="d:\github\windows-performance-monitor\tests\perfmonitor.actionstests\bin\release\net10.0\perfmonitor.actionstests.dll" id="1e562af0-7379-8070-9d2b-12133787494b">
      <Execution id="7efc21dc-c7ea-4d2f-98e0-2bfe822dbfaa" />
      <TestMethod codeBase="D:\GitHub\windows-performance-monitor\tests\PerfMonitor.ActionsTests\bin\Release\net10.0\PerfMonitor.ActionsTests.dll" adapterTypeName="executor://mstestadapter/v4" className="PerfMonitor.ActionsTests.BrokerProtocolTests" name="ExecutionOrIdentityFieldIsRejected" />
    </UnitTest>
    <UnitTest name="ExecutionOrIdentityFieldIsRejected (&quot;registryPath&quot;)" storage="d:\github\windows-performance-monitor\tests\perfmonitor.actionstests\bin\release\net10.0\perfmonitor.actionstests.dll" id="11e7b62c-1a7f-8f26-a777-b555bc50dfb8">
      <Execution id="f076c615-ed7e-407e-b01a-8193fd858926" />
      <TestMethod codeBase="D:\GitHub\windows-performance-monitor\tests\PerfMonitor.ActionsTests\bin\Release\net10.0\PerfMonitor.ActionsTests.dll" adapterTypeName="executor://mstestadapter/v4" className="PerfMonitor.ActionsTests.BrokerProtocolTests" name="ExecutionOrIdentityFieldIsRejected" />
    </UnitTest>
    <UnitTest name="ForcedDryRunNeverMutatesWhitelistedAction (&quot;terminate_process&quot;)" storage="d:\github\windows-performance-monitor\tests\perfmonitor.actionstests\bin\release\net10.0\perfmonitor.actionstests.dll" id="1870beeb-8e67-858b-b6eb-9ce6fedb4b9b">
      <Execution id="1c38408d-a056-446f-8790-0fbf1cb13563" />
      <TestMethod codeBase="D:\GitHub\windows-performance-monitor\tests\PerfMonitor.ActionsTests\bin\Release\net10.0\PerfMonitor.ActionsTests.dll" adapterTypeName="executor://mstestadapter/v4" className="PerfMonitor.ActionsTests.ActionCoordinatorTests" name="ForcedDryRunNeverMutatesWhitelistedAction" />
    </UnitTest>
    <UnitTest name="UnknownActionFieldIsRejected" storage="d:\github\windows-performance-monitor\tests\perfmonitor.actionstests\bin\release\net10.0\perfmonitor.actionstests.dll" id="152f68c1-98a8-8d28-959c-d1a092245448">
      <Execution id="82559f28-dace-4fc3-a2ef-e4fd76af2b1b" />
      <TestMethod codeBase="D:\GitHub\windows-performance-monitor\tests\PerfMonitor.ActionsTests\bin\Release\net10.0\PerfMonitor.ActionsTests.dll" adapterTypeName="executor://mstestadapter/v4" className="PerfMonitor.ActionsTests.BrokerProtocolTests" name="UnknownActionFieldIsRejected" />
    </UnitTest>
    <UnitTest name="ApprovedIdUsesClosedLowercaseGrammar (&quot;-broker.self_check&quot;)" storage="d:\github\windows-performance-monitor\tests\perfmonitor.actionstests\bin\release\net10.0\perfmonitor.actionstests.dll" id="1178583a-ab99-810e-b348-516c86907136">
      <Execution id="41f8a64d-45b9-4f41-9494-00719c5805d3" />
      <TestMethod codeBase="D:\GitHub\windows-performance-monitor\tests\PerfMonitor.ActionsTests\bin\Release\net10.0\PerfMonitor.ActionsTests.dll" adapterTypeName="executor://mstestadapter/v4" className="PerfMonitor.ActionsTests.BrokerProtocolTests" name="ApprovedIdUsesClosedLowercaseGrammar" />
    </UnitTest>
    <UnitTest name="ExecutionOrIdentityFieldIsRejected (&quot;command&quot;)" storage="d:\github\windows-performance-monitor\tests\perfmonitor.actionstests\bin\release\net10.0\perfmonitor.actionstests.dll" id="1aa655f5-b8c2-8192-ab3b-7de007fea6f2">
      <Execution id="fdc879f3-bd4c-4b2f-8607-f113150274d0" />
      <TestMethod codeBase="D:\GitHub\windows-performance-monitor\tests\PerfMonitor.ActionsTests\bin\Release\net10.0\PerfMonitor.ActionsTests.dll" adapterTypeName="executor://mstestadapter/v4" className="PerfMonitor.ActionsTests.BrokerProtocolTests" name="ExecutionOrIdentityFieldIsRejected" />
    </UnitTest>
    <UnitTest name="FramingRoundTripsTypedRequest" storage="d:\github\windows-performance-monitor\tests\perfmonitor.actionstests\bin\release\net10.0\perfmonitor.actionstests.dll" id="10229f27-1fea-8035-bb63-a9e548a35087">
      <Execution id="4b6142ca-9c4f-49a9-868e-3e0105856b30" />
      <TestMethod codeBase="D:\GitHub\windows-performance-monitor\tests\PerfMonitor.ActionsTests\bin\Release\net10.0\PerfMonitor.ActionsTests.dll" adapterTypeName="executor://mstestadapter/v4" className="PerfMonitor.ActionsTests.BrokerProtocolTests" name="FramingRoundTripsTypedRequest" />
    </UnitTest>
    <UnitTest name="ExecutionOrIdentityFieldIsRejected (&quot;callerSid&quot;)" storage="d:\github\windows-performance-monitor\tests\perfmonitor.actionstests\bin\release\net10.0\perfmonitor.actionstests.dll" id="1cfed955-754d-8304-8bc1-c4a1e194048a">
      <Execution id="bcbe5c04-1159-4a07-aaaf-53c4e4286ab3" />
      <TestMethod codeBase="D:\GitHub\windows-performance-monitor\tests\PerfMonitor.ActionsTests\bin\Release\net10.0\PerfMonitor.ActionsTests.dll" adapterTypeName="executor://mstestadapter/v4" className="PerfMonitor.ActionsTests.BrokerProtocolTests" name="ExecutionOrIdentityFieldIsRejected" />
    </UnitTest>
    <UnitTest name="SameCallerAndKeyExecutesAtMostOnce" storage="d:\github\windows-performance-monitor\tests\perfmonitor.actionstests\bin\release\net10.0\perfmonitor.actionstests.dll" id="1283f1b7-db71-8fdb-b53e-0e2f2101fb72">
      <Execution id="2f79a984-606f-4dc5-89e3-85a455c997b9" />
      <TestMethod codeBase="D:\GitHub\windows-performance-monitor\tests\PerfMonitor.ActionsTests\bin\Release\net10.0\PerfMonitor.ActionsTests.dll" adapterTypeName="executor://mstestadapter/v4" className="PerfMonitor.ActionsTests.ActionCoordinatorTests" name="SameCallerAndKeyExecutesAtMostOnce" />
    </UnitTest>
  </TestDefinitions>
  <TestEntries>
    <TestEntry testId="1178583a-ab99-810e-b348-516c86907136" executionId="41f8a64d-45b9-4f41-9494-00719c5805d3" testListId="8c84fa94-04c1-424b-9868-57a2d4851a1d" />
    <TestEntry testId="1aa655f5-b8c2-8192-ab3b-7de007fea6f2" executionId="fdc879f3-bd4c-4b2f-8607-f113150274d0" testListId="8c84fa94-04c1-424b-9868-57a2d4851a1d" />
    <TestEntry testId="16ddac32-7d68-87c1-8f8f-c42887df68b8" executionId="f0249517-9506-4087-9942-f61e2d6d2c16" testListId="8c84fa94-04c1-424b-9868-57a2d4851a1d" />
    <TestEntry testId="15eb7b58-546a-8b99-82a1-e4c47d49f028" executionId="c56ad5b8-da52-4bc3-ad41-3055ab18ca6c" testListId="8c84fa94-04c1-424b-9868-57a2d4851a1d" />
    <TestEntry testId="1cfed955-754d-8304-8bc1-c4a1e194048a" executionId="bcbe5c04-1159-4a07-aaaf-53c4e4286ab3" testListId="8c84fa94-04c1-424b-9868-57a2d4851a1d" />
    <TestEntry testId="176a2051-5e4d-859d-962c-938a22bc480b" executionId="38ccf655-b3c5-41cb-812c-43eadd02d3a9" testListId="8c84fa94-04c1-424b-9868-57a2d4851a1d" />
    <TestEntry testId="10229f27-1fea-8035-bb63-a9e548a35087" executionId="4b6142ca-9c4f-49a9-868e-3e0105856b30" testListId="8c84fa94-04c1-424b-9868-57a2d4851a1d" />
    <TestEntry testId="19bed5b4-e105-89f3-bb7d-fa447958b1b8" executionId="af1af123-89ee-48dd-b0f0-199eab143794" testListId="8c84fa94-04c1-424b-9868-57a2d4851a1d" />
    <TestEntry testId="113d5e5e-a66d-8655-b763-6de367d7b2d7" executionId="21895758-ac54-4c32-9cdb-3d9c7d016b0f" testListId="8c84fa94-04c1-424b-9868-57a2d4851a1d" />
    <TestEntry testId="152f68c1-98a8-8d28-959c-d1a092245448" executionId="82559f28-dace-4fc3-a2ef-e4fd76af2b1b" testListId="8c84fa94-04c1-424b-9868-57a2d4851a1d" />
    <TestEntry testId="14d80408-2a13-86f5-91f8-24c1d8ec719a" executionId="b2eb81c1-df37-41c9-9436-4b113941005c" testListId="8c84fa94-04c1-424b-9868-57a2d4851a1d" />
    <TestEntry testId="134173c1-ba43-8fc0-951a-f1fe3846a1db" executionId="c9fd4edd-615b-4ed2-835c-05fd15a5a0d4" testListId="8c84fa94-04c1-424b-9868-57a2d4851a1d" />
    <TestEntry testId="11affb60-6755-8f97-bb80-37d6b1d13093" executionId="fa56fa1a-cb3d-4608-83fe-311b065a7477" testListId="8c84fa94-04c1-424b-9868-57a2d4851a1d" />
    <TestEntry testId="1c9e2a17-87d6-858e-8515-2b8336e85821" executionId="b23c0ea5-aa76-4319-b027-474a34865b56" testListId="8c84fa94-04c1-424b-9868-57a2d4851a1d" />
    <TestEntry testId="1e8ffd9c-05ed-89ee-aa24-930d069013ac" executionId="e0634a79-6868-428e-818a-4ad94087d8c5" testListId="8c84fa94-04c1-424b-9868-57a2d4851a1d" />
    <TestEntry testId="1870beeb-8e67-858b-b6eb-9ce6fedb4b9b" executionId="1c38408d-a056-446f-8790-0fbf1cb13563" testListId="8c84fa94-04c1-424b-9868-57a2d4851a1d" />
    <TestEntry testId="1283f1b7-db71-8fdb-b53e-0e2f2101fb72" executionId="2f79a984-606f-4dc5-89e3-85a455c997b9" testListId="8c84fa94-04c1-424b-9868-57a2d4851a1d" />
    <TestEntry testId="155e9a8c-832d-8e0f-acad-e55a580d58a1" executionId="ff7ff3ff-24ac-4f64-a84e-0802bc7095ed" testListId="8c84fa94-04c1-424b-9868-57a2d4851a1d" />
    <TestEntry testId="1e562af0-7379-8070-9d2b-12133787494b" executionId="7efc21dc-c7ea-4d2f-98e0-2bfe822dbfaa" testListId="8c84fa94-04c1-424b-9868-57a2d4851a1d" />
    <TestEntry testId="1cb6e293-ab85-86dd-9b15-24ddf1d49fa1" executionId="a2c02f22-d5f4-43df-b984-d47a9309b9ac" testListId="8c84fa94-04c1-424b-9868-57a2d4851a1d" />
    <TestEntry testId="1841e75e-486b-8bec-bd52-38fc698d5f8a" executionId="53bf8309-6f08-40bd-8ce6-125ae5063145" testListId="8c84fa94-04c1-424b-9868-57a2d4851a1d" />
    <TestEntry testId="1f01aecc-e116-87e6-be22-22e5b36a074c" executionId="5f2c9b7b-034f-4803-b889-039b4c7cebfc" testListId="8c84fa94-04c1-424b-9868-57a2d4851a1d" />
    <TestEntry testId="1f634488-8b67-881d-bd87-70f18a3ca989" executionId="7b0d96cd-8e3d-4509-a011-666dac6216c8" testListId="8c84fa94-04c1-424b-9868-57a2d4851a1d" />
    <TestEntry testId="1559ae20-545c-839f-9eed-4c2b01cae854" executionId="9d92ca65-8769-42c2-8c23-e4a87a35debe" testListId="8c84fa94-04c1-424b-9868-57a2d4851a1d" />
    <TestEntry testId="11b34feb-5dfe-805a-8259-e2198a4ac3dc" executionId="3456e50c-41f0-47a5-9d38-0fb3372d5c16" testListId="8c84fa94-04c1-424b-9868-57a2d4851a1d" />
    <TestEntry testId="1bd2cc86-3e46-87d2-9328-22ee28510804" executionId="d0715e6d-8efc-499e-883d-f8024a907a90" testListId="8c84fa94-04c1-424b-9868-57a2d4851a1d" />
    <TestEntry testId="11e7b62c-1a7f-8f26-a777-b555bc50dfb8" executionId="f076c615-ed7e-407e-b01a-8193fd858926" testListId="8c84fa94-04c1-424b-9868-57a2d4851a1d" />
    <TestEntry testId="16649496-2e77-8092-a72b-05a241cc7c74" executionId="17428c4b-74cd-4fa4-ae80-468fecd2c08a" testListId="8c84fa94-04c1-424b-9868-57a2d4851a1d" />
    <TestEntry testId="127dc3ac-c303-8aba-aae7-e3390cc5d336" executionId="a18a2022-03f6-4fe2-aa93-c2c2bdc50b65" testListId="8c84fa94-04c1-424b-9868-57a2d4851a1d" />
    <TestEntry testId="1409c63c-8858-8788-8dba-95f87a4e030f" executionId="ee2717a4-cdfe-409d-a5aa-f4b264ec20eb" testListId="8c84fa94-04c1-424b-9868-57a2d4851a1d" />
    <TestEntry testId="137a7c03-f15e-88ba-b2c2-89758e3ea8b1" executionId="bf1c54f8-801a-42c8-b8a6-0768fe61c32e" testListId="8c84fa94-04c1-424b-9868-57a2d4851a1d" />
    <TestEntry testId="1f470e29-7d75-86b2-bd69-0fbd05de0242" executionId="3c39aa32-4841-489c-a3ee-f5a128d806d6" testListId="8c84fa94-04c1-424b-9868-57a2d4851a1d" />
    <TestEntry testId="1030394b-1eb2-8bf2-8072-e6b7e0a61395" executionId="d1031fd8-4d03-4c6c-9761-1abcb8b67fae" testListId="8c84fa94-04c1-424b-9868-57a2d4851a1d" />
  </TestEntries>
  <TestLists>
    <TestList name="列表中未列出的结果" id="8c84fa94-04c1-424b-9868-57a2d4851a1d" />
    <TestList name="所有已加载的结果" id="19431567-8539-422a-85d7-44ee4e166bda" />
  </TestLists>
  <ResultSummary outcome="Completed">
    <Counters total="33" executed="33" passed="33" failed="0" error="0" timeout="0" aborted="0" inconclusive="0" passedButRunAborted="0" notRunnable="0" notExecuted="0" disconnected="0" warning="0" completed="0" inProgress="0" pending="0" />
  </ResultSummary>
</TestRun>