<?xml version="1.0" encoding="utf-8"?>
<TestRun id="c0c65445-4e94-4ce2-a277-07fcf1ee7884" name="Administrator@HCAIA-WAQHGBEKP 2026-10-02 20:12:15" runUser="HCAIA-WAQHGBEKP\Administrator" xmlns="http://microsoft.com/schemas/VisualStudio/TeamTest/2010">
  <Times creation="2026-10-02T20:12:15.0694214+08:00" queuing="2026-10-02T20:12:15.0694216+08:00" start="2026-10-02T20:12:14.7424782+08:00" finish="2026-10-02T20:12:15.0862190+08:00" />
  <TestSettings name="default" id="566f65bc-3a24-46f7-9a8a-23288459974f">
    <Deployment runDeploymentRoot="Administrator_HCAIA-WAQHGBEKP_2026-10-02_20_12_15" />
  </TestSettings>
  <Results>
    <UnitTestResult executionId="cf586e9e-0f7e-4ec8-b007-8218e84b79dc" testId="18b81ab2-5793-899e-803e-cfd5b02965f8" testName="UnknownAdditiveFieldsDoNotBreakOlderClient" computerName="HCAIA-WAQHGBEKP" duration="00:00:00.0020936" startTime="2026-10-02T20:12:15.0440252+08:00" endTime="2026-10-02T20:12:15.0463174+08:00" testType="13cdc9d9-ddb5-4fa4-a97d-d965ccfc6d4b" outcome="Passed" testListId="8c84fa94-04c1-424b-9868-57a2d4851a1d" relativeResultsDirectory="cf586e9e-0f7e-4ec8-b007-8218e84b79dc" />
    <UnitTestResult executionId="3e55df8b-7c69-484d-8b7d-7d4efb3af79b" testId="1c1001d4-fa8c-8543-a80c-5fb0aa59cc9f" testName="PythonGoldenFixtureDeserializes (&quot;snapshot-partial.json&quot;,&quot;snapshot&quot;)" computerName="HCAIA-WAQHGBEKP" duration="00:00:00.0007744" startTime="2026-10-02T20:12:15.0221520+08:00" endTime="2026-10-02T20:12:15.0232958+08:00" testType="13cdc9d9-ddb5-4fa4-a97d-d965ccfc6d4b" outcome="Passed" testListId="8c84fa94-04c1-424b-9868-57a2d4851a1d" relativeResultsDirectory="3e55df8b-7c69-484d-8b7d-7d4efb3af79b" />
    <UnitTestResult executionId="cd110898-8749-4fcb-8d6b-d71250dc1d6d" testId="10f880b6-58f2-85da-b181-71bf528fdd8f" testName="PythonGoldenFixtureDeserializes (&quot;diagnostics-normal.json&quot;,&quot;diagnostics&quot;)" computerName="HCAIA-WAQHGBEKP" duration="00:00:00.0047577" startTime="2026-10-02T20:12:15.0328781+08:00" endTime="2026-10-02T20:12:15.0376570+08:00" testType="13cdc9d9-ddb5-4fa4-a97d-d965ccfc6d4b" outcome="Passed" testListId="8c84fa94-04c1-424b-9868-57a2d4851a1d" relativeResultsDirectory="cd110898-8749-4fcb-8d6b-d71250dc1d6d" />
    <UnitTestResult executionId="4847c1a2-49df-4fcb-9778-c2be6df442a3" testId="14090ef7-0f29-8982-acdd-2e157b17528a" testName="PythonGoldenFixtureDeserializes (&quot;scenario-process-churn.json&quot;,&quot;scenario&quot;)" computerName="HCAIA-WAQHGBEKP" duration="00:00:00.0011405" startTime="2026-10-02T20:12:15.0241728+08:00" endTime="2026-10-02T20:12:15.0253327+08:00" testType="13cdc9d9-ddb5-4fa4-a97d-d965ccfc6d4b" outcome="Passed" testListId="8c84fa94-04c1-424b-9868-57a2d4851a1d" relativeResultsDirectory="4847c1a2-49df-4fcb-9778-c2be6df442a3" />
    <UnitTestResult executionId="b16156c8-3c88-4fbc-a025-b85177a1c694" testId="143eb918-3787-83c3-97bf-52b844b34ffa" testName="PythonGoldenFixtureDeserializes (&quot;snapshot-permission-denied.json&quot;,&quot;snapshot&quot;)" computerName="HCAIA-WAQHGBEKP" duration="00:00:00.0003644" startTime="2026-10-02T20:12:15.0237780+08:00" endTime="2026-10-02T20:12:15.0241616+08:00" testType="13cdc9d9-ddb5-4fa4-a97d-d965ccfc6d4b" outcome="Passed" testListId="8c84fa94-04c1-424b-9868-57a2d4851a1d" relativeResultsDirectory="b16156c8-3c88-4fbc-a025-b85177a1c694" />
    <UnitTestResult executionId="e4e9facc-2091-4e8b-8ce0-f650ac1cbf83" testId="1bb0d74c-ada7-83a3-870d-85bc3daeac26" testName="PythonGoldenFixtureDeserializes (&quot;health-normal.json&quot;,&quot;health&quot;)" computerName="HCAIA-WAQHGBEKP" duration="00:00:00.0005978" startTime="2026-10-02T20:12:15.0322432+08:00" endTime="2026-10-02T20:12:15.0328657+08:00" testType="13cdc9d9-ddb5-4fa4-a97d-d965ccfc6d4b" outcome="Passed" testListId="8c84fa94-04c1-424b-9868-57a2d4851a1d" relativeResultsDirectory="e4e9facc-2091-4e8b-8ce0-f650ac1cbf83" />
    <UnitTestResult executionId="ccc6bec8-d51b-42b8-bae9-c64f73afab0a" testId="1d1bf26b-98e7-89b9-9ef6-a894db9cdb35" testName="PythonGoldenFixtureDeserializes (&quot;history-normal.json&quot;,&quot;history&quot;)" computerName="HCAIA-WAQHGBEKP" duration="00:00:00.0044747" startTime="2026-10-02T20:12:15.0253446+08:00" endTime="2026-10-02T20:12:15.0298437+08:00" testType="13cdc9d9-ddb5-4fa4-a97d-d965ccfc6d4b" outcome="Passed" testListId="8c84fa94-04c1-424b-9868-57a2d4851a1d" relativeResultsDirectory="ccc6bec8-d51b-42b8-bae9-c64f73afab0a" />
    <UnitTestResult executionId="233849cf-97e3-46cf-9d98-6cd39a62b1c6" testId="15f8efbd-4d16-85d2-b036-f7894342ceb6" testName="ProcessPidReuseKeepsCreationTimeInIdentity" computerName="HCAIA-WAQHGBEKP" duration="00:00:00.0008271" startTime="2026-10-02T20:12:15.0463364+08:00" endTime="2026-10-02T20:12:15.0492537+08:00" testType="13cdc9d9-ddb5-4fa4-a97d-d965ccfc6d4b" outcome="Passed" testListId="8c84fa94-04c1-424b-9868-57a2d4851a1d" relativeResultsDirectory="233849cf-97e3-46cf-9d98-6cd39a62b1c6" />
    <UnitTestResult executionId="806438f9-989b-48c3-9a87-368d456aa3cd" testId="1a646201-2097-84a4-b117-cb056f7e636e" testName="PythonGoldenFixtureDeserializes (&quot;snapshot-stale.json&quot;,&quot;snapshot&quot;)" computerName="HCAIA-WAQHGBEKP" duration="00:00:00.0002426" startTime="2026-10-02T20:12:15.0234783+08:00" endTime="2026-10-02T20:12:15.0237674+08:00" testType="13cdc9d9-ddb5-4fa4-a97d-d965ccfc6d4b" outcome="Passed" testListId="8c84fa94-04c1-424b-9868-57a2d4851a1d" relativeResultsDirectory="806438f9-989b-48c3-9a87-368d456aa3cd" />
    <UnitTestResult executionId="2934dae0-9f9b-4f0a-bce7-46a2f30a5361" testId="1b8168b8-ffac-8f8a-99c4-0ee7dd95ce7b" testName="PythonGoldenFixtureDeserializes (&quot;snapshot-normal.json&quot;,&quot;snapshot&quot;)" computerName="HCAIA-WAQHGBEKP" duration="00:00:00.0163057" startTime="2026-10-02T20:12:14.9922457+08:00" endTime="2026-10-02T20:12:15.0196396+08:00" testType="13cdc9d9-ddb5-4fa4-a97d-d965ccfc6d4b" outcome="Passed" testListId="8c84fa94-04c1-424b-9868-57a2d4851a1d" relativeResultsDirectory="2934dae0-9f9b-4f0a-bce7-46a2f30a5361" />
    <UnitTestResult executionId="d077e8f6-5aa4-4592-a2cf-3cbd01135355" testId="15bdcccd-bafd-80db-99fe-7b6bf7a690ec" testName="PythonGoldenFixtureDeserializes (&quot;capabilities-normal.json&quot;,&quot;capabilities&quot;)" computerName="HCAIA-WAQHGBEKP" duration="00:00:00.0023436" startTime="2026-10-02T20:12:15.0298580+08:00" endTime="2026-10-02T20:12:15.0322253+08:00" testType="13cdc9d9-ddb5-4fa4-a97d-d965ccfc6d4b" outcome="Passed" testListId="8c84fa94-04c1-424b-9868-57a2d4851a1d" relativeResultsDirectory="d077e8f6-5aa4-4592-a2cf-3cbd01135355" />
  </Results>
  <TestDefinitions>
    <UnitTest name="UnknownAdditiveFieldsDoNotBreakOlderClient" storage="d:\github\windows-performance-monitor\tests\perfmonitor.contracttests\bin\release\net10.0\perfmonitor.contracttests.dll" id="18b81ab2-5793-899e-803e-cfd5b02965f8">
      <Execution id="cf586e9e-0f7e-4ec8-b007-8218e84b79dc" />
      <TestMethod codeBase="D:\GitHub\windows-performance-monitor\tests\PerfMonitor.ContractTests\bin\Release\net10.0\PerfMonitor.ContractTests.dll" adapterTypeName="executor://mstestadapter/v4" className="PerfMonitor.ContractTests.FixtureDeserializationTests" name="UnknownAdditiveFieldsDoNotBreakOlderClient" />
    </UnitTest>
    <UnitTest name="PythonGoldenFixtureDeserializes (&quot;snapshot-partial.json&quot;,&quot;snapshot&quot;)" storage="d:\github\windows-performance-monitor\tests\perfmonitor.contracttests\bin\release\net10.0\perfmonitor.contracttests.dll" id="1c1001d4-fa8c-8543-a80c-5fb0aa59cc9f">
      <Execution id="3e55df8b-7c69-484d-8b7d-7d4efb3af79b" />
      <TestMethod codeBase="D:\GitHub\windows-performance-monitor\tests\PerfMonitor.ContractTests\bin\Release\net10.0\PerfMonitor.ContractTests.dll" adapterTypeName="executor://mstestadapter/v4" className="PerfMonitor.ContractTests.FixtureDeserializationTests" name="PythonGoldenFixtureDeserializes" />
    </UnitTest>
    <UnitTest name="PythonGoldenFixtureDeserializes (&quot;health-normal.json&quot;,&quot;health&quot;)" storage="d:\github\windows-performance-monitor\tests\perfmonitor.contracttests\bin\release\net10.0\perfmonitor.contracttests.dll" id="1bb0d74c-ada7-83a3-870d-85bc3daeac26">
      <Execution id="e4e9facc-2091-4e8b-8ce0-f650ac1cbf83" />
      <TestMethod codeBase="D:\GitHub\windows-performance-monitor\tests\PerfMonitor.ContractTests\bin\Release\net10.0\PerfMonitor.ContractTests.dll" adapterTypeName="executor://mstestadapter/v4" className="PerfMonitor.ContractTests.FixtureDeserializationTests" name="PythonGoldenFixtureDeserializes" />
    </UnitTest>
    <UnitTest name="PythonGoldenFixtureDeserializes (&quot;diagnostics-normal.json&quot;,&quot;diagnostics&quot;)" storage="d:\github\windows-performance-monitor\tests\perfmonitor.contracttests\bin\release\net10.0\perfmonitor.contracttests.dll" id="10f880b6-58f2-85da-b181-71bf528fdd8f">
      <Execution id="cd110898-8749-4fcb-8d6b-d71250dc1d6d" />
      <TestMethod codeBase="D:\GitHub\windows-performance-monitor\tests\PerfMonitor.ContractTests\bin\Release\net10.0\PerfMonitor.ContractTests.dll" adapterTypeName="executor://mstestadapter/v4" className="PerfMonitor.ContractTests.FixtureDeserializationTests" name="PythonGoldenFixtureDeserializes" />
    </UnitTest>
    <UnitTest name="PythonGoldenFixtureDeserializes (&quot;scenario-process-churn.json&quot;,&quot;scenario&quot;)" storage="d:\github\windows-performance-monitor\tests\perfmonitor.contracttests\bin\release\net10.0\perfmonitor.contracttests.dll" id="14090ef7-0f29-8982-acdd-2e157b17528a">
      <Execution id="4847c1a2-49df-4fcb-9778-c2be6df442a3" />
      <TestMethod codeBase="D:\GitHub\windows-performance-monitor\tests\PerfMonitor.ContractTests\bin\Release\net10.0\PerfMonitor.ContractTests.dll" adapterTypeName="executor://mstestadapter/v4" className="PerfMonitor.ContractTests.FixtureDeserializationTests" name="PythonGoldenFixtureDeserializes" />
    </UnitTest>
    <UnitTest name="PythonGoldenFixtureDeserializes (&quot;snapshot-permission-denied.json&quot;,&quot;snapshot&quot;)" storage="d:\github\windows-performance-monitor\tests\perfmonitor.contracttests\bin\release\net10.0\perfmonitor.contracttests.dll" id="143eb918-3787-83c3-97bf-52b844b34ffa">
      <Execution id="b16156c8-3c88-4fbc-a025-b85177a1c694" />
      <TestMethod codeBase="D:\GitHub\windows-performance-monitor\tests\PerfMonitor.ContractTests\bin\Release\net10.0\PerfMonitor.ContractTests.dll" adapterTypeName="executor://mstestadapter/v4" className="PerfMonitor.ContractTests.FixtureDeserializationTests" name="PythonGoldenFixtureDeserializes" />
    </UnitTest>
    <UnitTest name="PythonGoldenFixtureDeserializes (&quot;history-normal.json&quot;,&quot;history&quot;)" storage="d:\github\windows-performance-monitor\tests\perfmonitor.contracttests\bin\release\net10.0\perfmonitor.contracttests.dll" id="1d1bf26b-98e7-89b9-9ef6-a894db9cdb35">
      <Execution id="ccc6bec8-d51b-42b8-bae9-c64f73afab0a" />
      <TestMethod codeBase="D:\GitHub\windows-performance-monitor\tests\PerfMonitor.ContractTests\bin\Release\net10.0\PerfMonitor.ContractTests.dll" adapterTypeName="executor://mstestadapter/v4" className="PerfMonitor.ContractTests.FixtureDeserializationTests" name="PythonGoldenFixtureDeserializes" />
    </UnitTest>
    <UnitTest name="PythonGoldenFixtureDeserializes (&quot;snapshot-normal.json&quot;,&quot;snapshot&quot;)" storage="d:\github\windows-performance-monitor\tests\perfmonitor.contracttests\bin\release\net10.0\perfmonitor.contracttests.dll" id="1b8168b8-ffac-8f8a-99c4-0ee7dd95ce7b">
      <Execution id="2934dae0-9f9b-4f0a-bce7-46a2f30a5361" />
      <TestMethod codeBase="D:\GitHub\windows-performance-monitor\tests\PerfMonitor.ContractTests\bin\Release\net10.0\PerfMonitor.ContractTests.dll" adapterTypeName="executor://mstestadapter/v4" className="PerfMonitor.ContractTests.FixtureDeserializationTests" name="PythonGoldenFixtureDeserializes" />
    </UnitTest>
    <UnitTest name="ProcessPidReuseKeepsCreationTimeInIdentity" storage="d:\github\windows-performance-monitor\tests\perfmonitor.contracttests\bin\release\net10.0\perfmonitor.contracttests.dll" id="15f8efbd-4d16-85d2-b036-f7894342ceb6">
      <Execution id="233849cf-97e3-46cf-9d98-6cd39a62b1c6" />
      <TestMethod codeBase="D:\GitHub\windows-performance-monitor\tests\PerfMonitor.ContractTests\bin\Release\net10.0\PerfMonitor.ContractTests.dll" adapterTypeName="executor://mstestadapter/v4" className="PerfMonitor.ContractTests.FixtureDeserializationTests" name="ProcessPidReuseKeepsCreationTimeInIdentity" />
    </UnitTest>
    <UnitTest name="PythonGoldenFixtureDeserializes (&quot;capabilities-normal.json&quot;,&quot;capabilities&quot;)" storage="d:\github\windows-performance-monitor\tests\perfmonitor.contracttests\bin\release\net10.0\perfmonitor.contracttests.dll" id="15bdcccd-bafd-80db-99fe-7b6bf7a690ec">
      <Execution id="d077e8f6-5aa4-4592-a2cf-3cbd01135355" />
      <TestMethod codeBase="D:\GitHub\windows-performance-monitor\tests\PerfMonitor.ContractTests\bin\Release\net10.0\PerfMonitor.ContractTests.dll" adapterTypeName="executor://mstestadapter/v4" className="PerfMonitor.ContractTests.FixtureDeserializationTests" name="PythonGoldenFixtureDeserializes" />
    </UnitTest>
    <UnitTest name="PythonGoldenFixtureDeserializes (&quot;snapshot-stale.json&quot;,&quot;snapshot&quot;)" storage="d:\github\windows-performance-monitor\tests\perfmonitor.contracttests\bin\release\net10.0\perfmonitor.contracttests.dll" id="1a646201-2097-84a4-b117-cb056f7e636e">
      <Execution id="806438f9-989b-48c3-9a87-368d456aa3cd" />
      <TestMethod codeBase="D:\GitHub\windows-performance-monitor\tests\PerfMonitor.ContractTests\bin\Release\net10.0\PerfMonitor.ContractTests.dll" adapterTypeName="executor://mstestadapter/v4" className="PerfMonitor.ContractTests.FixtureDeserializationTests" name="PythonGoldenFixtureDeserializes" />
    </UnitTest>
  </TestDefinitions>
  <TestEntries>
    <TestEntry testId="18b81ab2-5793-899e-803e-cfd5b02965f8" executionId="cf586e9e-0f7e-4ec8-b007-8218e84b79dc" testListId="8c84fa94-04c1-424b-9868-57a2d4851a1d" />
    <TestEntry testId="1c1001d4-fa8c-8543-a80c-5fb0aa59cc9f" executionId="3e55df8b-7c69-484d-8b7d-7d4efb3af79b" testListId="8c84fa94-04c1-424b-9868-57a2d4851a1d" />
    <TestEntry testId="10f880b6-58f2-85da-b181-71bf528fdd8f" executionId="cd110898-8749-4fcb-8d6b-d71250dc1d6d" testListId="8c84fa94-04c1-424b-9868-57a2d4851a1d" />
    <TestEntry testId="14090ef7-0f29-8982-acdd-2e157b17528a" executionId="4847c1a2-49df-4fcb-9778-c2be6df442a3" testListId="8c84fa94-04c1-424b-9868-57a2d4851a1d" />
    <TestEntry testId="143eb918-3787-83c3-97bf-52b844b34ffa" executionId="b16156c8-3c88-4fbc-a025-b85177a1c694" testListId="8c84fa94-04c1-424b-9868-57a2d4851a1d" />
    <TestEntry testId="1bb0d74c-ada7-83a3-870d-85bc3daeac26" executionId="e4e9facc-2091-4e8b-8ce0-f650ac1cbf83" testListId="8c84fa94-04c1-424b-9868-57a2d4851a1d" />
    <TestEntry testId="1d1bf26b-98e7-89b9-9ef6-a894db9cdb35" executionId="ccc6bec8-d51b-42b8-bae9-c64f73afab0a" testListId="8c84fa94-04c1-424b-9868-57a2d4851a1d" />
    <TestEntry testId="15f8efbd-4d16-85d2-b036-f7894342ceb6" executionId="233849cf-97e3-46cf-9d98-6cd39a62b1c6" testListId="8c84fa94-04c1-424b-9868-57a2d4851a1d" />
    <TestEntry testId="1a646201-2097-84a4-b117-cb056f7e636e" executionId="806438f9-989b-48c3-9a87-368d456aa3cd" testListId="8c84fa94-04c1-424b-9868-57a2d4851a1d" />
    <TestEntry testId="1b8168b8-ffac-8f8a-99c4-0ee7dd95ce7b" executionId="2934dae0-9f9b-4f0a-bce7-46a2f30a5361" testListId="8c84fa94-04c1-424b-9868-57a2d4851a1d" />
    <TestEntry testId="15bdcccd-bafd-80db-99fe-7b6bf7a690ec" executionId="d077e8f6-5aa4-4592-a2cf-3cbd01135355" testListId="8c84fa94-04c1-424b-9868-57a2d4851a1d" />
  </TestEntries>
  <TestLists>
    <TestList name="列表中未列出的结果" id="8c84fa94-04c1-424b-9868-57a2d4851a1d" />
    <TestList name="所有已加载的结果" id="19431567-8539-422a-85d7-44ee4e166bda" />
  </TestLists>
  <ResultSummary outcome="Completed">
    <Counters total="11" executed="11" passed="11" failed="0" error="0" timeout="0" aborted="0" inconclusive="0" passedButRunAborted="0" notRunnable="0" notExecuted="0" disconnected="0" warning="0" completed="0" inProgress="0" pending="0" />
  </ResultSummary>
</TestRun>