<?xml version="1.0" encoding="utf-8"?>
<TestRun id="b02ce864-da42-466d-9e69-1f7162327fcd" name="Administrator@HCAIA-WAQHGBEKP 2026-10-02 20:12:14" runUser="HCAIA-WAQHGBEKP\Administrator" xmlns="http://microsoft.com/schemas/VisualStudio/TeamTest/2010">
  <Times creation="2026-10-02T20:12:14.0423185+08:00" queuing="2026-10-02T20:12:14.0423190+08:00" start="2026-10-02T20:12:13.5673729+08:00" finish="2026-10-02T20:12:14.5703722+08:00" />
  <TestSettings name="default" id="bbd562b5-4a7e-4d4f-a14f-32a82351e7c7">
    <Deployment runDeploymentRoot="Administrator_HCAIA-WAQHGBEKP_2026-10-02_20_12_14" />
  </TestSettings>
  <Results>
    <UnitTestResult executionId="907544e7-7f93-4a22-a0f1-ef2514097ace" testId="1227651c-bd62-8d12-90d1-e12ac5121436" testName="ClientCloseBeforeAcceptKeepsListenerHealthy" computerName="HCAIA-WAQHGBEKP" duration="00:00:00.0076274" startTime="2026-10-02T20:12:14.4839796+08:00" endTime="2026-10-02T20:12:14.4916424+08:00" testType="13cdc9d9-ddb5-4fa4-a97d-d965ccfc6d4b" outcome="Passed" testListId="8c84fa94-04c1-424b-9868-57a2d4851a1d" relativeResultsDirectory="907544e7-7f93-4a22-a0f1-ef2514097ace" />
    <UnitTestResult executionId="4a4f64a7-fa26-4169-8efc-06bfcb5dd92a" testId="1543f0e3-f0ad-8c3b-8f36-639a0ee3e1b4" testName="ProtectedPathIsExactAndNotPrefixBased" computerName="HCAIA-WAQHGBEKP" duration="00:00:00.0001215" startTime="2026-10-02T20:12:14.4916615+08:00" endTime="2026-10-02T20:12:14.4918295+08:00" testType="13cdc9d9-ddb5-4fa4-a97d-d965ccfc6d4b" outcome="Passed" testListId="8c84fa94-04c1-424b-9868-57a2d4851a1d" relativeResultsDirectory="4a4f64a7-fa26-4169-8efc-06bfcb5dd92a" />
    <UnitTestResult executionId="8e4f8883-b52a-4c06-898c-14800582de7d" testId="1d2c0116-72ed-823c-8cb6-5b888281d5b1" testName="TransportResolverUsesActualClientSidPidAndImage" computerName="HCAIA-WAQHGBEKP" duration="00:00:00.0314878" startTime="2026-10-02T20:12:14.4285686+08:00" endTime="2026-10-02T20:12:14.4600915+08:00" testType="13cdc9d9-ddb5-4fa4-a97d-d965ccfc6d4b" outcome="Passed" testListId="8c84fa94-04c1-424b-9868-57a2d4851a1d" relativeResultsDirectory="8e4f8883-b52a-4c06-898c-14800582de7d" />
    <UnitTestResult executionId="682bf0d0-8b7b-4ae7-a069-85e555c03b5b" testId="156647f1-f2ae-8abb-ba73-d26d4ee39a48" testName="BrokerPipeAclDeniesNetworkAndLimitsUserRights" computerName="HCAIA-WAQHGBEKP" duration="00:00:00.0007531" startTime="2026-10-02T20:12:14.4277441+08:00" endTime="2026-10-02T20:12:14.4285529+08:00" testType="13cdc9d9-ddb5-4fa4-a97d-d965ccfc6d4b" outcome="Passed" testListId="8c84fa94-04c1-424b-9868-57a2d4851a1d" relativeResultsDirectory="682bf0d0-8b7b-4ae7-a069-85e555c03b5b" />
    <UnitTestResult executionId="429c26d8-c936-402c-b5c8-3faf7fe830a2" testId="1b0305fc-20ff-875b-b31e-02c08cb51398" testName="CriticalAndProductProcessesAreProtected" computerName="HCAIA-WAQHGBEKP" duration="00:00:00.0008430" startTime="2026-10-02T20:12:14.5327667+08:00" endTime="2026-10-02T20:12:14.5336236+08:00" testType="13cdc9d9-ddb5-4fa4-a97d-d965ccfc6d4b" outcome="Passed" testListId="8c84fa94-04c1-424b-9868-57a2d4851a1d" relativeResultsDirectory="429c26d8-c936-402c-b5c8-3faf7fe830a2" />
    <UnitTestResult executionId="418fa3eb-1706-478e-a3b6-4ac03fc3f5bf" testId="14594be2-4833-853e-bb84-982b809539d4" testName="ServiceModeUsesOnlyFixedMachineLocations" computerName="HCAIA-WAQHGBEKP" duration="00:00:00.0003293" startTime="2026-10-02T20:12:14.0063435+08:00" endTime="2026-10-02T20:12:14.0066926+08:00" testType="13cdc9d9-ddb5-4fa4-a97d-d965ccfc6d4b" outcome="Passed" testListId="8c84fa94-04c1-424b-9868-57a2d4851a1d" relativeResultsDirectory="418fa3eb-1706-478e-a3b6-4ac03fc3f5bf" />
    <UnitTestResult executionId="0e9e691d-9982-4049-ac6e-0b8eedfd4ba7" testId="129b67e5-8855-82ea-8c85-d8cc19f12b5e" testName="ServicePolicyRequiresSignedProtectedAgent" computerName="HCAIA-WAQHGBEKP" duration="00:00:00.0018489" startTime="2026-10-02T20:12:14.0125384+08:00" endTime="2026-10-02T20:12:14.0144208+08:00" testType="13cdc9d9-ddb5-4fa4-a97d-d965ccfc6d4b" outcome="Passed" testListId="8c84fa94-04c1-424b-9868-57a2d4851a1d" relativeResultsDirectory="0e9e691d-9982-4049-ac6e-0b8eedfd4ba7" />
    <UnitTestResult executionId="ff2b9404-8d19-45a3-a3b9-185bdc5af6e6" testId="136a893e-46b6-80a3-96ad-145f045b5854" testName="CorruptAuditDatabaseFailsInitialization" computerName="HCAIA-WAQHGBEKP" duration="00:00:00.0069834" startTime="2026-10-02T20:12:13.9716835+08:00" endTime="2026-10-02T20:12:13.9797903+08:00" testType="13cdc9d9-ddb5-4fa4-a97d-d965ccfc6d4b" outcome="Passed" testListId="8c84fa94-04c1-424b-9868-57a2d4851a1d" relativeResultsDirectory="ff2b9404-8d19-45a3-a3b9-185bdc5af6e6" />
    <UnitTestResult executionId="b13cbe94-204f-48ed-9187-91cd7531a1e1" testId="11043ac7-3610-8aae-ab8c-602145eb2e69" testName="ConcurrentReplayAndConflictNeverDoubleExecute" computerName="HCAIA-WAQHGBEKP" duration="00:00:00.0213190" startTime="2026-10-02T20:12:14.4063541+08:00" endTime="2026-10-02T20:12:14.4277222+08:00" testType="13cdc9d9-ddb5-4fa4-a97d-d965ccfc6d4b" outcome="Passed" testListId="8c84fa94-04c1-424b-9868-57a2d4851a1d" relativeResultsDirectory="b13cbe94-204f-48ed-9187-91cd7531a1e1" />
    <UnitTestResult executionId="2c9dd09f-b8b7-4395-9abd-7527ea1d595f" testId="1f8a9214-8445-8ecb-aad9-8ac9d99c24dd" testName="ModeIsRequiredAndExclusive" computerName="HCAIA-WAQHGBEKP" duration="00:00:00.0010989" startTime="2026-10-02T20:12:14.0024325+08:00" endTime="2026-10-02T20:12:14.0036075+08:00" testType="13cdc9d9-ddb5-4fa4-a97d-d965ccfc6d4b" outcome="Passed" testListId="8c84fa94-04c1-424b-9868-57a2d4851a1d" relativeResultsDirectory="2c9dd09f-b8b7-4395-9abd-7527ea1d595f" />
    <UnitTestResult executionId="0ed95c5e-1c0c-4f01-b883-13977461d0e9" testId="107a12a3-c356-825c-89b6-cb5bb1e6d4b6" testName="ClientServerDryRunRoundTripNeverMutates" computerName="HCAIA-WAQHGBEKP" duration="00:00:00.0150453" startTime="2026-10-02T20:12:14.4601261+08:00" endTime="2026-10-02T20:12:14.4752179+08:00" testType="13cdc9d9-ddb5-4fa4-a97d-d965ccfc6d4b" outcome="Passed" testListId="8c84fa94-04c1-424b-9868-57a2d4851a1d" relativeResultsDirectory="0ed95c5e-1c0c-4f01-b883-13977461d0e9" />
    <UnitTestResult executionId="b4420b5a-e3de-4910-85b1-09a595712353" testId="1bccaffa-795c-8ba8-b498-ed33c11de2e0" testName="DeterministicMalformedCorpusNeverReachesExecutor" computerName="HCAIA-WAQHGBEKP" duration="00:00:00.1382343" startTime="2026-10-02T20:12:14.2680368+08:00" endTime="2026-10-02T20:12:14.4063212+08:00" testType="13cdc9d9-ddb5-4fa4-a97d-d965ccfc6d4b" outcome="Passed" testListId="8c84fa94-04c1-424b-9868-57a2d4851a1d" relativeResultsDirectory="b4420b5a-e3de-4910-85b1-09a595712353" />
    <UnitTestResult executionId="f35031ab-7e50-4611-9caf-82653071bf50" testId="1994eab3-d14a-8e4a-937e-65b3944ec810" testName="ConsoleModeAllowsBoundedTestOverrides" computerName="HCAIA-WAQHGBEKP" duration="00:00:00.0026714" startTime="2026-10-02T20:12:14.0036259+08:00" endTime="2026-10-02T20:12:14.0063246+08:00" testType="13cdc9d9-ddb5-4fa4-a97d-d965ccfc6d4b" outcome="Passed" testListId="8c84fa94-04c1-424b-9868-57a2d4851a1d" relativeResultsDirectory="f35031ab-7e50-4611-9caf-82653071bf50" />
    <UnitTestResult executionId="93ad774a-daed-4a02-9cac-1dc656adf3e8" testId="15895a75-e004-81a1-a0d5-2c350bfe6f2c" testName="PendingRecoversAsIndeterminateAcrossRestart" computerName="HCAIA-WAQHGBEKP" duration="00:00:00.0170158" startTime="2026-10-02T20:12:13.9386789+08:00" endTime="2026-10-02T20:12:13.9557463+08:00" testType="13cdc9d9-ddb5-4fa4-a97d-d965ccfc6d4b" outcome="Passed" testListId="8c84fa94-04c1-424b-9868-57a2d4851a1d" relativeResultsDirectory="93ad774a-daed-4a02-9cac-1dc656adf3e8" />
    <UnitTestResult executionId="c2f6e2f4-7124-4b57-8ce5-71b67ad44912" testId="1b19e01e-1538-87dc-b695-3113bc84447e" testName="ConcurrentDuplicateGetsOneNewReservation" computerName="HCAIA-WAQHGBEKP" duration="00:00:00.0158141" startTime="2026-10-02T20:12:13.9557910+08:00" endTime="2026-10-02T20:12:13.9716554+08:00" testType="13cdc9d9-ddb5-4fa4-a97d-d965ccfc6d4b" outcome="Passed" testListId="8c84fa94-04c1-424b-9868-57a2d4851a1d" relativeResultsDirectory="c2f6e2f4-7124-4b57-8ce5-71b67ad44912" />
    <UnitTestResult executionId="a87d7697-c90c-461f-b292-1d889391ed23" testId="1105e05e-d882-8ad9-965a-57cc57263d84" testName="SetPriorityOnlyUsesBoundedEnum" computerName="HCAIA-WAQHGBEKP" duration="00:00:00.0004329" startTime="2026-10-02T20:12:14.5345280+08:00" endTime="2026-10-02T20:12:14.5349801+08:00" testType="13cdc9d9-ddb5-4fa4-a97d-d965ccfc6d4b" outcome="Passed" testListId="8c84fa94-04c1-424b-9868-57a2d4851a1d" relativeResultsDirectory="a87d7697-c90c-461f-b292-1d889391ed23" />
    <UnitTestResult executionId="6851d74b-593a-49a7-b472-704464835d6b" testId="150475b2-09c3-80ea-85e6-ecacd18c8618" testName="TerminationPassesExactGuardAndReturnsExited" computerName="HCAIA-WAQHGBEKP" duration="00:00:00.0008656" startTime="2026-10-02T20:12:14.5336362+08:00" endTime="2026-10-02T20:12:14.5345163+08:00" testType="13cdc9d9-ddb5-4fa4-a97d-d965ccfc6d4b" outcome="Passed" testListId="8c84fa94-04c1-424b-9868-57a2d4851a1d" relativeResultsDirectory="6851d74b-593a-49a7-b472-704464835d6b" />
    <UnitTestResult executionId="c9915cb6-ddac-4315-b3fb-4331b99ec824" testId="16282660-4290-8323-aa45-60336ac70ed2" testName="AuthenticodeTrustBindsVerifiedSignerAndContent" computerName="HCAIA-WAQHGBEKP" duration="00:00:00.0382188" startTime="2026-10-02T20:12:14.4918394+08:00" endTime="2026-10-02T20:12:14.5300920+08:00" testType="13cdc9d9-ddb5-4fa4-a97d-d965ccfc6d4b" outcome="Passed" testListId="8c84fa94-04c1-424b-9868-57a2d4851a1d" relativeResultsDirectory="c9915cb6-ddac-4315-b3fb-4331b99ec824" />
    <UnitTestResult executionId="f208acc6-ab10-4ede-b5e7-978c6fe9fc0b" testId="10a28ddf-09a5-8466-a39e-f99087f04617" testName="PendingAcceptCancellationIsCleanShutdown" computerName="HCAIA-WAQHGBEKP" duration="00:00:00.0083377" startTime="2026-10-02T20:12:14.4752500+08:00" endTime="2026-10-02T20:12:14.4836381+08:00" testType="13cdc9d9-ddb5-4fa4-a97d-d965ccfc6d4b" outcome="Passed" testListId="8c84fa94-04c1-424b-9868-57a2d4851a1d" relativeResultsDirectory="f208acc6-ab10-4ede-b5e7-978c6fe9fc0b" />
    <UnitTestResult executionId="e38ae627-f596-49e7-90c7-212bfd0d6f88" testId="1ae2c26d-4766-8614-ab39-615507793ddb" testName="PolicyDenialPersistsActualTransportIdentity" computerName="HCAIA-WAQHGBEKP" duration="00:00:00.0217362" startTime="2026-10-02T20:12:13.9798209+08:00" endTime="2026-10-02T20:12:14.0024016+08:00" testType="13cdc9d9-ddb5-4fa4-a97d-d965ccfc6d4b" outcome="Passed" testListId="8c84fa94-04c1-424b-9868-57a2d4851a1d" relativeResultsDirectory="e38ae627-f596-49e7-90c7-212bfd0d6f88" />
    <UnitTestResult executionId="aeca36ac-47f3-49e4-b69a-57344626bcd6" testId="17b80547-ce42-8e4f-a979-f925a901c44d" testName="ConsoleDurationAndPipeNameAreBounded" computerName="HCAIA-WAQHGBEKP" duration="00:00:00.0002173" startTime="2026-10-02T20:12:14.0122741+08:00" endTime="2026-10-02T20:12:14.0125231+08:00" testType="13cdc9d9-ddb5-4fa4-a97d-d965ccfc6d4b" outcome="Passed" testListId="8c84fa94-04c1-424b-9868-57a2d4851a1d" relativeResultsDirectory="aeca36ac-47f3-49e4-b69a-57344626bcd6" />
    <UnitTestResult executionId="5b3d5dd4-69b7-473d-8a96-cec30eda283b" testId="14ddf7a4-7dcf-8344-acb8-fc06a5d07a83" testName="MalformedClientsAreIsolatedFromListener" computerName="HCAIA-WAQHGBEKP" duration="00:00:00.2533465" startTime="2026-10-02T20:12:14.0144460+08:00" endTime="2026-10-02T20:12:14.2679948+08:00" testType="13cdc9d9-ddb5-4fa4-a97d-d965ccfc6d4b" outcome="Passed" testListId="8c84fa94-04c1-424b-9868-57a2d4851a1d" relativeResultsDirectory="5b3d5dd4-69b7-473d-8a96-cec30eda283b" />
    <UnitTestResult executionId="9840872d-6cce-434a-bcef-5abd0d80b43b" testId="1d5cee1a-f3ac-8a07-98c8-4c35c161e9fb" testName="DifferentHashForSameCallerAndKeyConflicts" computerName="HCAIA-WAQHGBEKP" duration="00:00:00.0126022" startTime="2026-10-02T20:12:13.9252874+08:00" endTime="2026-10-02T20:12:13.9383634+08:00" testType="13cdc9d9-ddb5-4fa4-a97d-d965ccfc6d4b" outcome="Passed" testListId="8c84fa94-04c1-424b-9868-57a2d4851a1d" relativeResultsDirectory="9840872d-6cce-434a-bcef-5abd0d80b43b" />
    <UnitTestResult executionId="e430e8b3-834f-4065-ba27-f9140c624f7a" testId="1bcfdce3-b386-8fd9-841f-e76b8fbc0f9a" testName="OwnerMismatchRejectsOtherUsersProcess" computerName="HCAIA-WAQHGBEKP" duration="00:00:00.0006327" startTime="2026-10-02T20:12:14.5320993+08:00" endTime="2026-10-02T20:12:14.5327529+08:00" testType="13cdc9d9-ddb5-4fa4-a97d-d965ccfc6d4b" outcome="Passed" testListId="8c84fa94-04c1-424b-9868-57a2d4851a1d" relativeResultsDirectory="e430e8b3-834f-4065-ba27-f9140c624f7a" />
    <UnitTestResult executionId="ee13d977-0a19-4bcb-bdbb-28627948cc63" testId="1de21c01-389c-87a3-b655-1c86f3df7f6d" testName="DiagnosticAndPowerUseCompiledIdsOnly" computerName="HCAIA-WAQHGBEKP" duration="00:00:00.0005549" startTime="2026-10-02T20:12:14.5349906+08:00" endTime="2026-10-02T20:12:14.5363563+08:00" testType="13cdc9d9-ddb5-4fa4-a97d-d965ccfc6d4b" outcome="Passed" testListId="8c84fa94-04c1-424b-9868-57a2d4851a1d" relativeResultsDirectory="ee13d977-0a19-4bcb-bdbb-28627948cc63" />
    <UnitTestResult executionId="f91a5b34-9947-4b7e-bde5-6921ab71836e" testId="170a4dbe-9e38-81e5-a47f-b40a9268b0e5" testName="CompletedResultIsReplayedWithoutNewReservation" computerName="HCAIA-WAQHGBEKP" duration="00:00:00.0817740" startTime="2026-10-02T20:12:13.8292852+08:00" endTime="2026-10-02T20:12:13.9212783+08:00" testType="13cdc9d9-ddb5-4fa4-a97d-d965ccfc6d4b" outcome="Passed" testListId="8c84fa94-04c1-424b-9868-57a2d4851a1d" relativeResultsDirectory="f91a5b34-9947-4b7e-bde5-6921ab71836e" />
    <UnitTestResult executionId="288ec225-0265-442e-9482-4852473f8dd6" testId="11dde90f-003d-8579-96d4-2afbf4b564a8" testName="CreationTimeMismatchRejectsPidReuse" computerName="HCAIA-WAQHGBEKP" duration="00:00:00.0018985" startTime="2026-10-02T20:12:14.5301162+08:00" endTime="2026-10-02T20:12:14.5320775+08:00" testType="13cdc9d9-ddb5-4fa4-a97d-d965ccfc6d4b" outcome="Passed" testListId="8c84fa94-04c1-424b-9868-57a2d4851a1d" relativeResultsDirectory="288ec225-0265-442e-9482-4852473f8dd6" />
  </Results>
  <TestDefinitions>
    <UnitTest name="ModeIsRequiredAndExclusive" storage="d:\github\windows-performance-monitor\tests\perfmonitor.brokertests\bin\release\net10.0-windows10.0.17763.0\perfmonitor.brokertests.dll" id="1f8a9214-8445-8ecb-aad9-8ac9d99c24dd">
      <Execution id="2c9dd09f-b8b7-4395-9abd-7527ea1d595f" />
      <TestMethod codeBase="D:\GitHub\windows-performance-monitor\tests\PerfMonitor.BrokerTests\bin\Release\net10.0-windows10.0.17763.0\PerfMonitor.BrokerTests.dll" adapterTypeName="executor://mstestadapter/v4" className="PerfMonitor.BrokerTests.BrokerOptionsTests" name="ModeIsRequiredAndExclusive" />
    </UnitTest>
    <UnitTest name="PendingAcceptCancellationIsCleanShutdown" storage="d:\github\windows-performance-monitor\tests\perfmonitor.brokertests\bin\release\net10.0-windows10.0.17763.0\perfmonitor.brokertests.dll" id="10a28ddf-09a5-8466-a39e-f99087f04617">
      <Execution id="f208acc6-ab10-4ede-b5e7-978c6fe9fc0b" />
      <TestMethod codeBase="D:\GitHub\windows-performance-monitor\tests\PerfMonitor.BrokerTests\bin\Release\net10.0-windows10.0.17763.0\PerfMonitor.BrokerTests.dll" adapterTypeName="executor://mstestadapter/v4" className="PerfMonitor.BrokerTests.BrokerPipeTests" name="PendingAcceptCancellationIsCleanShutdown" />
    </UnitTest>
    <UnitTest name="CriticalAndProductProcessesAreProtected" storage="d:\github\windows-performance-monitor\tests\perfmonitor.brokertests\bin\release\net10.0-windows10.0.17763.0\perfmonitor.brokertests.dll" id="1b0305fc-20ff-875b-b31e-02c08cb51398">
      <Execution id="429c26d8-c936-402c-b5c8-3faf7fe830a2" />
      <TestMethod codeBase="D:\GitHub\windows-performance-monitor\tests\PerfMonitor.BrokerTests\bin\Release\net10.0-windows10.0.17763.0\PerfMonitor.BrokerTests.dll" adapterTypeName="executor://mstestadapter/v4" className="PerfMonitor.BrokerTests.WindowsActionExecutorTests" name="CriticalAndProductProcessesAreProtected" />
    </UnitTest>
    <UnitTest name="DiagnosticAndPowerUseCompiledIdsOnly" storage="d:\github\windows-performance-monitor\tests\perfmonitor.brokertests\bin\release\net10.0-windows10.0.17763.0\perfmonitor.brokertests.dll" id="1de21c01-389c-87a3-b655-1c86f3df7f6d">
      <Execution id="ee13d977-0a19-4bcb-bdbb-28627948cc63" />
      <TestMethod codeBase="D:\GitHub\windows-performance-monitor\tests\PerfMonitor.BrokerTests\bin\Release\net10.0-windows10.0.17763.0\PerfMonitor.BrokerTests.dll" adapterTypeName="executor://mstestadapter/v4" className="PerfMonitor.BrokerTests.WindowsActionExecutorTests" name="DiagnosticAndPowerUseCompiledIdsOnly" />
    </UnitTest>
    <UnitTest name="CorruptAuditDatabaseFailsInitialization" storage="d:\github\windows-performance-monitor\tests\perfmonitor.brokertests\bin\release\net10.0-windows10.0.17763.0\perfmonitor.brokertests.dll" id="136a893e-46b6-80a3-96ad-145f045b5854">
      <Execution id="ff2b9404-8d19-45a3-a3b9-185bdc5af6e6" />
      <TestMethod codeBase="D:\GitHub\windows-performance-monitor\tests\PerfMonitor.BrokerTests\bin\Release\net10.0-windows10.0.17763.0\PerfMonitor.BrokerTests.dll" adapterTypeName="executor://mstestadapter/v4" className="PerfMonitor.BrokerTests.BrokerAuditStoreTests" name="CorruptAuditDatabaseFailsInitialization" />
    </UnitTest>
    <UnitTest name="DeterministicMalformedCorpusNeverReachesExecutor" storage="d:\github\windows-performance-monitor\tests\perfmonitor.brokertests\bin\release\net10.0-windows10.0.17763.0\perfmonitor.brokertests.dll" id="1bccaffa-795c-8ba8-b498-ed33c11de2e0">
      <Execution id="b4420b5a-e3de-4910-85b1-09a595712353" />
      <TestMethod codeBase="D:\GitHub\windows-performance-monitor\tests\PerfMonitor.BrokerTests\bin\Release\net10.0-windows10.0.17763.0\PerfMonitor.BrokerTests.dll" adapterTypeName="executor://mstestadapter/v4" className="PerfMonitor.BrokerTests.BrokerPenetrationTests" name="DeterministicMalformedCorpusNeverReachesExecutor" />
    </UnitTest>
    <UnitTest name="PolicyDenialPersistsActualTransportIdentity" storage="d:\github\windows-performance-monitor\tests\perfmonitor.brokertests\bin\release\net10.0-windows10.0.17763.0\perfmonitor.brokertests.dll" id="1ae2c26d-4766-8614-ab39-615507793ddb">
      <Execution id="e38ae627-f596-49e7-90c7-212bfd0d6f88" />
      <TestMethod codeBase="D:\GitHub\windows-performance-monitor\tests\PerfMonitor.BrokerTests\bin\Release\net10.0-windows10.0.17763.0\PerfMonitor.BrokerTests.dll" adapterTypeName="executor://mstestadapter/v4" className="PerfMonitor.BrokerTests.BrokerAuditStoreTests" name="PolicyDenialPersistsActualTransportIdentity" />
    </UnitTest>
    <UnitTest name="ConsoleModeAllowsBoundedTestOverrides" storage="d:\github\windows-performance-monitor\tests\perfmonitor.brokertests\bin\release\net10.0-windows10.0.17763.0\perfmonitor.brokertests.dll" id="1994eab3-d14a-8e4a-937e-65b3944ec810">
      <Execution id="f35031ab-7e50-4611-9caf-82653071bf50" />
      <TestMethod codeBase="D:\GitHub\windows-performance-monitor\tests\PerfMonitor.BrokerTests\bin\Release\net10.0-windows10.0.17763.0\PerfMonitor.BrokerTests.dll" adapterTypeName="executor://mstestadapter/v4" className="PerfMonitor.BrokerTests.BrokerOptionsTests" name="ConsoleModeAllowsBoundedTestOverrides" />
    </UnitTest>
    <UnitTest name="PendingRecoversAsIndeterminateAcrossRestart" storage="d:\github\windows-performance-monitor\tests\perfmonitor.brokertests\bin\release\net10.0-windows10.0.17763.0\perfmonitor.brokertests.dll" id="15895a75-e004-81a1-a0d5-2c350bfe6f2c">
      <Execution id="93ad774a-daed-4a02-9cac-1dc656adf3e8" />
      <TestMethod codeBase="D:\GitHub\windows-performance-monitor\tests\PerfMonitor.BrokerTests\bin\Release\net10.0-windows10.0.17763.0\PerfMonitor.BrokerTests.dll" adapterTypeName="executor://mstestadapter/v4" className="PerfMonitor.BrokerTests.BrokerAuditStoreTests" name="PendingRecoversAsIndeterminateAcrossRestart" />
    </UnitTest>
    <UnitTest name="ConsoleDurationAndPipeNameAreBounded" storage="d:\github\windows-performance-monitor\tests\perfmonitor.brokertests\bin\release\net10.0-windows10.0.17763.0\perfmonitor.brokertests.dll" id="17b80547-ce42-8e4f-a979-f925a901c44d">
      <Execution id="aeca36ac-47f3-49e4-b69a-57344626bcd6" />
      <TestMethod codeBase="D:\GitHub\windows-performance-monitor\tests\PerfMonitor.BrokerTests\bin\Release\net10.0-windows10.0.17763.0\PerfMonitor.BrokerTests.dll" adapterTypeName="executor://mstestadapter/v4" className="PerfMonitor.BrokerTests.BrokerOptionsTests" name="ConsoleDurationAndPipeNameAreBounded" />
    </UnitTest>
    <UnitTest name="CompletedResultIsReplayedWithoutNewReservation" storage="d:\github\windows-performance-monitor\tests\perfmonitor.brokertests\bin\release\net10.0-windows10.0.17763.0\perfmonitor.brokertests.dll" id="170a4dbe-9e38-81e5-a47f-b40a9268b0e5">
      <Execution id="f91a5b34-9947-4b7e-bde5-6921ab71836e" />
      <TestMethod codeBase="D:\GitHub\windows-performance-monitor\tests\PerfMonitor.BrokerTests\bin\Release\net10.0-windows10.0.17763.0\PerfMonitor.BrokerTests.dll" adapterTypeName="executor://mstestadapter/v4" className="PerfMonitor.BrokerTests.BrokerAuditStoreTests" name="CompletedResultIsReplayedWithoutNewReservation" />
    </UnitTest>
    <UnitTest name="MalformedClientsAreIsolatedFromListener" storage="d:\github\windows-performance-monitor\tests\perfmonitor.brokertests\bin\release\net10.0-windows10.0.17763.0\perfmonitor.brokertests.dll" id="14ddf7a4-7dcf-8344-acb8-fc06a5d07a83">
      <Execution id="5b3d5dd4-69b7-473d-8a96-cec30eda283b" />
      <TestMethod codeBase="D:\GitHub\windows-performance-monitor\tests\PerfMonitor.BrokerTests\bin\Release\net10.0-windows10.0.17763.0\PerfMonitor.BrokerTests.dll" adapterTypeName="executor://mstestadapter/v4" className="PerfMonitor.BrokerTests.BrokerPenetrationTests" name="MalformedClientsAreIsolatedFromListener" />
    </UnitTest>
    <UnitTest name="ClientServerDryRunRoundTripNeverMutates" storage="d:\github\windows-performance-monitor\tests\perfmonitor.brokertests\bin\release\net10.0-windows10.0.17763.0\perfmonitor.brokertests.dll" id="107a12a3-c356-825c-89b6-cb5bb1e6d4b6">
      <Execution id="0ed95c5e-1c0c-4f01-b883-13977461d0e9" />
      <TestMethod codeBase="D:\GitHub\windows-performance-monitor\tests\PerfMonitor.BrokerTests\bin\Release\net10.0-windows10.0.17763.0\PerfMonitor.BrokerTests.dll" adapterTypeName="executor://mstestadapter/v4" className="PerfMonitor.BrokerTests.BrokerPipeTests" name="ClientServerDryRunRoundTripNeverMutates" />
    </UnitTest>
    <UnitTest name="ConcurrentReplayAndConflictNeverDoubleExecute" storage="d:\github\windows-performance-monitor\tests\perfmonitor.brokertests\bin\release\net10.0-windows10.0.17763.0\perfmonitor.brokertests.dll" id="11043ac7-3610-8aae-ab8c-602145eb2e69">
      <Execution id="b13cbe94-204f-48ed-9187-91cd7531a1e1" />
      <TestMethod codeBase="D:\GitHub\windows-performance-monitor\tests\PerfMonitor.BrokerTests\bin\Release\net10.0-windows10.0.17763.0\PerfMonitor.BrokerTests.dll" adapterTypeName="executor://mstestadapter/v4" className="PerfMonitor.BrokerTests.BrokerPenetrationTests" name="ConcurrentReplayAndConflictNeverDoubleExecute" />
    </UnitTest>
    <UnitTest name="AuthenticodeTrustBindsVerifiedSignerAndContent" storage="d:\github\windows-performance-monitor\tests\perfmonitor.brokertests\bin\release\net10.0-windows10.0.17763.0\perfmonitor.brokertests.dll" id="16282660-4290-8323-aa45-60336ac70ed2">
      <Execution id="c9915cb6-ddac-4315-b3fb-4331b99ec824" />
      <TestMethod codeBase="D:\GitHub\windows-performance-monitor\tests\PerfMonitor.BrokerTests\bin\Release\net10.0-windows10.0.17763.0\PerfMonitor.BrokerTests.dll" adapterTypeName="executor://mstestadapter/v4" className="PerfMonitor.BrokerTests.ClientExecutableTrustTests" name="AuthenticodeTrustBindsVerifiedSignerAndContent" />
    </UnitTest>
    <UnitTest name="OwnerMismatchRejectsOtherUsersProcess" storage="d:\github\windows-performance-monitor\tests\perfmonitor.brokertests\bin\release\net10.0-windows10.0.17763.0\perfmonitor.brokertests.dll" id="1bcfdce3-b386-8fd9-841f-e76b8fbc0f9a">
      <Execution id="e430e8b3-834f-4065-ba27-f9140c624f7a" />
      <TestMethod codeBase="D:\GitHub\windows-performance-monitor\tests\PerfMonitor.BrokerTests\bin\Release\net10.0-windows10.0.17763.0\PerfMonitor.BrokerTests.dll" adapterTypeName="executor://mstestadapter/v4" className="PerfMonitor.BrokerTests.WindowsActionExecutorTests" name="OwnerMismatchRejectsOtherUsersProcess" />
    </UnitTest>
    <UnitTest name="DifferentHashForSameCallerAndKeyConflicts" storage="d:\github\windows-performance-monitor\tests\perfmonitor.brokertests\bin\release\net10.0-windows10.0.17763.0\perfmonitor.brokertests.dll" id="1d5cee1a-f3ac-8a07-98c8-4c35c161e9fb">
      <Execution id="9840872d-6cce-434a-bcef-5abd0d80b43b" />
      <TestMethod codeBase="D:\GitHub\windows-performance-monitor\tests\PerfMonitor.BrokerTests\bin\Release\net10.0-windows10.0.17763.0\PerfMonitor.BrokerTests.dll" adapterTypeName="executor://mstestadapter/v4" className="PerfMonitor.BrokerTests.BrokerAuditStoreTests" name="DifferentHashForSameCallerAndKeyConflicts" />
    </UnitTest>
    <UnitTest name="ClientCloseBeforeAcceptKeepsListenerHealthy" storage="d:\github\windows-performance-monitor\tests\perfmonitor.brokertests\bin\release\net10.0-windows10.0.17763.0\perfmonitor.brokertests.dll" id="1227651c-bd62-8d12-90d1-e12ac5121436">
      <Execution id="907544e7-7f93-4a22-a0f1-ef2514097ace" />
      <TestMethod codeBase="D:\GitHub\windows-performance-monitor\tests\PerfMonitor.BrokerTests\bin\Release\net10.0-windows10.0.17763.0\PerfMonitor.BrokerTests.dll" adapterTypeName="executor://mstestadapter/v4" className="PerfMonitor.BrokerTests.BrokerPipeTests" name="ClientCloseBeforeAcceptKeepsListenerHealthy" />
    </UnitTest>
    <UnitTest name="ServicePolicyRequiresSignedProtectedAgent" storage="d:\github\windows-performance-monitor\tests\perfmonitor.brokertests\bin\release\net10.0-windows10.0.17763.0\perfmonitor.brokertests.dll" id="129b67e5-8855-82ea-8c85-d8cc19f12b5e">
      <Execution id="0e9e691d-9982-4049-ac6e-0b8eedfd4ba7" />
      <TestMethod codeBase="D:\GitHub\windows-performance-monitor\tests\PerfMonitor.BrokerTests\bin\Release\net10.0-windows10.0.17763.0\PerfMonitor.BrokerTests.dll" adapterTypeName="executor://mstestadapter/v4" className="PerfMonitor.BrokerTests.BrokerOptionsTests" name="ServicePolicyRequiresSignedProtectedAgent" />
    </UnitTest>
    <UnitTest name="TerminationPassesExactGuardAndReturnsExited" storage="d:\github\windows-performance-monitor\tests\perfmonitor.brokertests\bin\release\net10.0-windows10.0.17763.0\perfmonitor.brokertests.dll" id="150475b2-09c3-80ea-85e6-ecacd18c8618">
      <Execution id="6851d74b-593a-49a7-b472-704464835d6b" />
      <TestMethod codeBase="D:\GitHub\windows-performance-monitor\tests\PerfMonitor.BrokerTests\bin\Release\net10.0-windows10.0.17763.0\PerfMonitor.BrokerTests.dll" adapterTypeName="executor://mstestadapter/v4" className="PerfMonitor.BrokerTests.WindowsActionExecutorTests" name="TerminationPassesExactGuardAndReturnsExited" />
    </UnitTest>
    <UnitTest name="ServiceModeUsesOnlyFixedMachineLocations" storage="d:\github\windows-performance-monitor\tests\perfmonitor.brokertests\bin\release\net10.0-windows10.0.17763.0\perfmonitor.brokertests.dll" id="14594be2-4833-853e-bb84-982b809539d4">
      <Execution id="418fa3eb-1706-478e-a3b6-4ac03fc3f5bf" />
      <TestMethod codeBase="D:\GitHub\windows-performance-monitor\tests\PerfMonitor.BrokerTests\bin\Release\net10.0-windows10.0.17763.0\PerfMonitor.BrokerTests.dll" adapterTypeName="executor://mstestadapter/v4" className="PerfMonitor.BrokerTests.BrokerOptionsTests" name="ServiceModeUsesOnlyFixedMachineLocations" />
    </UnitTest>
    <UnitTest name="ConcurrentDuplicateGetsOneNewReservation" storage="d:\github\windows-performance-monitor\tests\perfmonitor.brokertests\bin\release\net10.0-windows10.0.17763.0\perfmonitor.brokertests.dll" id="1b19e01e-1538-87dc-b695-3113bc84447e">
      <Execution id="c2f6e2f4-7124-4b57-8ce5-71b67ad44912" />
      <TestMethod codeBase="D:\GitHub\windows-performance-monitor\tests\PerfMonitor.BrokerTests\bin\Release\net10.0-windows10.0.17763.0\PerfMonitor.BrokerTests.dll" adapterTypeName="executor://mstestadapter/v4" className="PerfMonitor.BrokerTests.BrokerAuditStoreTests" name="ConcurrentDuplicateGetsOneNewReservation" />
    </UnitTest>
    <UnitTest name="ProtectedPathIsExactAndNotPrefixBased" storage="d:\github\windows-performance-monitor\tests\perfmonitor.brokertests\bin\release\net10.0-windows10.0.17763.0\perfmonitor.brokertests.dll" id="1543f0e3-f0ad-8c3b-8f36-639a0ee3e1b4">
      <Execution id="4a4f64a7-fa26-4169-8efc-06bfcb5dd92a" />
      <TestMethod codeBase="D:\GitHub\windows-performance-monitor\tests\PerfMonitor.BrokerTests\bin\Release\net10.0-windows10.0.17763.0\PerfMonitor.BrokerTests.dll" adapterTypeName="executor://mstestadapter/v4" className="PerfMonitor.BrokerTests.ClientExecutableTrustTests" name="ProtectedPathIsExactAndNotPrefixBased" />
    </UnitTest>
    <UnitTest name="SetPriorityOnlyUsesBoundedEnum" storage="d:\github\windows-performance-monitor\tests\perfmonitor.brokertests\bin\release\net10.0-windows10.0.17763.0\perfmonitor.brokertests.dll" id="1105e05e-d882-8ad9-965a-57cc57263d84">
      <Execution id="a87d7697-c90c-461f-b292-1d889391ed23" />
      <TestMethod codeBase="D:\GitHub\windows-performance-monitor\tests\PerfMonitor.BrokerTests\bin\Release\net10.0-windows10.0.17763.0\PerfMonitor.BrokerTests.dll" adapterTypeName="executor://mstestadapter/v4" className="PerfMonitor.BrokerTests.WindowsActionExecutorTests" name="SetPriorityOnlyUsesBoundedEnum" />
    </UnitTest>
    <UnitTest name="BrokerPipeAclDeniesNetworkAndLimitsUserRights" storage="d:\github\windows-performance-monitor\tests\perfmonitor.brokertests\bin\release\net10.0-windows10.0.17763.0\perfmonitor.brokertests.dll" id="156647f1-f2ae-8abb-ba73-d26d4ee39a48">
      <Execution id="682bf0d0-8b7b-4ae7-a069-85e555c03b5b" />
      <TestMethod codeBase="D:\GitHub\windows-performance-monitor\tests\PerfMonitor.BrokerTests\bin\Release\net10.0-windows10.0.17763.0\PerfMonitor.BrokerTests.dll" adapterTypeName="executor://mstestadapter/v4" className="PerfMonitor.BrokerTests.BrokerPipeTests" name="BrokerPipeAclDeniesNetworkAndLimitsUserRights" />
    </UnitTest>
    <UnitTest name="TransportResolverUsesActualClientSidPidAndImage" storage="d:\github\windows-performance-monitor\tests\perfmonitor.brokertests\bin\release\net10.0-windows10.0.17763.0\perfmonitor.brokertests.dll" id="1d2c0116-72ed-823c-8cb6-5b888281d5b1">
      <Execution id="8e4f8883-b52a-4c06-898c-14800582de7d" />
      <TestMethod codeBase="D:\GitHub\windows-performance-monitor\tests\PerfMonitor.BrokerTests\bin\Release\net10.0-windows10.0.17763.0\PerfMonitor.BrokerTests.dll" adapterTypeName="executor://mstestadapter/v4" className="PerfMonitor.BrokerTests.BrokerPipeTests" name="TransportResolverUsesActualClientSidPidAndImage" />
    </UnitTest>
    <UnitTest name="CreationTimeMismatchRejectsPidReuse" storage="d:\github\windows-performance-monitor\tests\perfmonitor.brokertests\bin\release\net10.0-windows10.0.17763.0\perfmonitor.brokertests.dll" id="11dde90f-003d-8579-96d4-2afbf4b564a8">
      <Execution id="288ec225-0265-442e-9482-4852473f8dd6" />
      <TestMethod codeBase="D:\GitHub\windows-performance-monitor\tests\PerfMonitor.BrokerTests\bin\Release\net10.0-windows10.0.17763.0\PerfMonitor.BrokerTests.dll" adapterTypeName="executor://mstestadapter/v4" className="PerfMonitor.BrokerTests.WindowsActionExecutorTests" name="CreationTimeMismatchRejectsPidReuse" />
    </UnitTest>
  </TestDefinitions>
  <TestEntries>
    <TestEntry testId="1227651c-bd62-8d12-90d1-e12ac5121436" executionId="907544e7-7f93-4a22-a0f1-ef2514097ace" testListId="8c84fa94-04c1-424b-9868-57a2d4851a1d" />
    <TestEntry testId="1543f0e3-f0ad-8c3b-8f36-639a0ee3e1b4" executionId="4a4f64a7-fa26-4169-8efc-06bfcb5dd92a" testListId="8c84fa94-04c1-424b-9868-57a2d4851a1d" />
    <TestEntry testId="1d2c0116-72ed-823c-8cb6-5b888281d5b1" executionId="8e4f8883-b52a-4c06-898c-14800582de7d" testListId="8c84fa94-04c1-424b-9868-57a2d4851a1d" />
    <TestEntry testId="156647f1-f2ae-8abb-ba73-d26d4ee39a48" executionId="682bf0d0-8b7b-4ae7-a069-85e555c03b5b" testListId="8c84fa94-04c1-424b-9868-57a2d4851a1d" />
    <TestEntry testId="1b0305fc-20ff-875b-b31e-02c08cb51398" executionId="429c26d8-c936-402c-b5c8-3faf7fe830a2" testListId="8c84fa94-04c1-424b-9868-57a2d4851a1d" />
    <TestEntry testId="14594be2-4833-853e-bb84-982b809539d4" executionId="418fa3eb-1706-478e-a3b6-4ac03fc3f5bf" testListId="8c84fa94-04c1-424b-9868-57a2d4851a1d" />
    <TestEntry testId="129b67e5-8855-82ea-8c85-d8cc19f12b5e" executionId="0e9e691d-9982-4049-ac6e-0b8eedfd4ba7" testListId="8c84fa94-04c1-424b-9868-57a2d4851a1d" />
    <TestEntry testId="136a893e-46b6-80a3-96ad-145f045b5854" executionId="ff2b9404-8d19-45a3-a3b9-185bdc5af6e6" testListId="8c84fa94-04c1-424b-9868-57a2d4851a1d" />
    <TestEntry testId="11043ac7-3610-8aae-ab8c-602145eb2e69" executionId="b13cbe94-204f-48ed-9187-91cd7531a1e1" testListId="8c84fa94-04c1-424b-9868-57a2d4851a1d" />
    <TestEntry testId="1f8a9214-8445-8ecb-aad9-8ac9d99c24dd" executionId="2c9dd09f-b8b7-4395-9abd-7527ea1d595f" testListId="8c84fa94-04c1-424b-9868-57a2d4851a1d" />
    <TestEntry testId="107a12a3-c356-825c-89b6-cb5bb1e6d4b6" executionId="0ed95c5e-1c0c-4f01-b883-13977461d0e9" testListId="8c84fa94-04c1-424b-9868-57a2d4851a1d" />
    <TestEntry testId="1bccaffa-795c-8ba8-b498-ed33c11de2e0" executionId="b4420b5a-e3de-4910-85b1-09a595712353" testListId="8c84fa94-04c1-424b-9868-57a2d4851a1d" />
    <TestEntry testId="1994eab3-d14a-8e4a-937e-65b3944ec810" executionId="f35031ab-7e50-4611-9caf-82653071bf50" testListId="8c84fa94-04c1-424b-9868-57a2d4851a1d" />
    <TestEntry testId="15895a75-e004-81a1-a0d5-2c350bfe6f2c" executionId="93ad774a-daed-4a02-9cac-1dc656adf3e8" testListId="8c84fa94-04c1-424b-9868-57a2d4851a1d" />
    <TestEntry testId="1b19e01e-1538-87dc-b695-3113bc84447e" executionId="c2f6e2f4-7124-4b57-8ce5-71b67ad44912" testListId="8c84fa94-04c1-424b-9868-57a2d4851a1d" />
    <TestEntry testId="1105e05e-d882-8ad9-965a-57cc57263d84" executionId="a87d7697-c90c-461f-b292-1d889391ed23" testListId="8c84fa94-04c1-424b-9868-57a2d4851a1d" />
    <TestEntry testId="150475b2-09c3-80ea-85e6-ecacd18c8618" executionId="6851d74b-593a-49a7-b472-704464835d6b" testListId="8c84fa94-04c1-424b-9868-57a2d4851a1d" />
    <TestEntry testId="16282660-4290-8323-aa45-60336ac70ed2" executionId="c9915cb6-ddac-4315-b3fb-4331b99ec824" testListId="8c84fa94-04c1-424b-9868-57a2d4851a1d" />
    <TestEntry testId="10a28ddf-09a5-8466-a39e-f99087f04617" executionId="f208acc6-ab10-4ede-b5e7-978c6fe9fc0b" testListId="8c84fa94-04c1-424b-9868-57a2d4851a1d" />
    <TestEntry testId="1ae2c26d-4766-8614-ab39-615507793ddb" executionId="e38ae627-f596-49e7-90c7-212bfd0d6f88" testListId="8c84fa94-04c1-424b-9868-57a2d4851a1d" />
    <TestEntry testId="17b80547-ce42-8e4f-a979-f925a901c44d" executionId="aeca36ac-47f3-49e4-b69a-57344626bcd6" testListId="8c84fa94-04c1-424b-9868-57a2d4851a1d" />
    <TestEntry testId="14ddf7a4-7dcf-8344-acb8-fc06a5d07a83" executionId="5b3d5dd4-69b7-473d-8a96-cec30eda283b" testListId="8c84fa94-04c1-424b-9868-57a2d4851a1d" />
    <TestEntry testId="1d5cee1a-f3ac-8a07-98c8-4c35c161e9fb" executionId="9840872d-6cce-434a-bcef-5abd0d80b43b" testListId="8c84fa94-04c1-424b-9868-57a2d4851a1d" />
    <TestEntry testId="1bcfdce3-b386-8fd9-841f-e76b8fbc0f9a" executionId="e430e8b3-834f-4065-ba27-f9140c624f7a" testListId="8c84fa94-04c1-424b-9868-57a2d4851a1d" />
    <TestEntry testId="1de21c01-389c-87a3-b655-1c86f3df7f6d" executionId="ee13d977-0a19-4bcb-bdbb-28627948cc63" testListId="8c84fa94-04c1-424b-9868-57a2d4851a1d" />
    <TestEntry testId="170a4dbe-9e38-81e5-a47f-b40a9268b0e5" executionId="f91a5b34-9947-4b7e-bde5-6921ab71836e" testListId="8c84fa94-04c1-424b-9868-57a2d4851a1d" />
    <TestEntry testId="11dde90f-003d-8579-96d4-2afbf4b564a8" executionId="288ec225-0265-442e-9482-4852473f8dd6" testListId="8c84fa94-04c1-424b-9868-57a2d4851a1d" />
  </TestEntries>
  <TestLists>
    <TestList name="列表中未列出的结果" id="8c84fa94-04c1-424b-9868-57a2d4851a1d" />
    <TestList name="所有已加载的结果" id="19431567-8539-422a-85d7-44ee4e166bda" />
  </TestLists>
  <ResultSummary outcome="Completed">
    <Counters total="27" executed="27" passed="27" failed="0" error="0" timeout="0" aborted="0" inconclusive="0" passedButRunAborted="0" notRunnable="0" notExecuted="0" disconnected="0" warning="0" completed="0" inProgress="0" pending="0" />
  </ResultSummary>
</TestRun>